../stm32_F103C6_Drivers/stm32_F103C6_EXTI_driver.c:30:6:Enable_NVIC	16	static
../stm32_F103C6_Drivers/stm32_F103C6_EXTI_driver.c:66:6:Disable_NVIC	16	static
../stm32_F103C6_Drivers/stm32_F103C6_EXTI_driver.c:102:6:Update_EXTI	24	static
../stm32_F103C6_Drivers/stm32_F103C6_EXTI_driver.c:166:6:MCAL_EXTI_GPIO_DeInit	4	static
../stm32_F103C6_Drivers/stm32_F103C6_EXTI_driver.c:193:6:MCAL_EXTI_GPIO_Init	16	static
../stm32_F103C6_Drivers/stm32_F103C6_EXTI_driver.c:208:6:MCAL_EXTI_GPIO_Update	16	static
../stm32_F103C6_Drivers/stm32_F103C6_EXTI_driver.c:219:6:EXTI0_IRQHandler	8	static
../stm32_F103C6_Drivers/stm32_F103C6_EXTI_driver.c:227:6:EXTI1_IRQHandler	8	static
../stm32_F103C6_Drivers/stm32_F103C6_EXTI_driver.c:232:6:EXTI2_IRQHandler	8	static
../stm32_F103C6_Drivers/stm32_F103C6_EXTI_driver.c:237:6:EXTI3_IRQHandler	8	static
../stm32_F103C6_Drivers/stm32_F103C6_EXTI_driver.c:242:6:EXTI4_IRQHandler	8	static
../stm32_F103C6_Drivers/stm32_F103C6_EXTI_driver.c:247:6:EXTI9_5_IRQHandler	8	static
../stm32_F103C6_Drivers/stm32_F103C6_EXTI_driver.c:257:6:EXTI15_10_IRQHandler	8	static
