13:16:37 **** Build of configuration Debug for project lab1_unit6_lesson3 ****
make -j8 all 
arm-none-eabi-gcc -mcpu=cortex-m3 -g3 -DDEBUG -c -x assembler-with-cpp -MMD -MP -MF"Startup/startup_stm32f103c6tx.d" -MT"Startup/startup_stm32f103c6tx.o" --specs=nano.specs -mfloat-abi=soft -mthumb -o "Startup/startup_stm32f103c6tx.o" "../Startup/startup_stm32f103c6tx.s"
arm-none-eabi-gcc "../Src/main.c" -mcpu=cortex-m3 -std=gnu11 -g3 -DDEBUG -DSTM32 -DSTM32F1 -DSTM32F103C6Tx -c -I../Inc -O0 -ffunction-sections -fdata-sections -Wall -fstack-usage -MMD -MP -MF"Src/main.d" -MT"Src/main.o" --specs=nano.specs -mfloat-abi=soft -mthumb -o "Src/main.o"
arm-none-eabi-gcc "../Src/syscalls.c" -mcpu=cortex-m3 -std=gnu11 -g3 -DDEBUG -DSTM32 -DSTM32F1 -DSTM32F103C6Tx -c -I../Inc -O0 -ffunction-sections -fdata-sections -Wall -fstack-usage -MMD -MP -MF"Src/syscalls.d" -MT"Src/syscalls.o" --specs=nano.specs -mfloat-abi=soft -mthumb -o "Src/syscalls.o"
arm-none-eabi-gcc "../Src/sysmem.c" -mcpu=cortex-m3 -std=gnu11 -g3 -DDEBUG -DSTM32 -DSTM32F1 -DSTM32F103C6Tx -c -I../Inc -O0 -ffunction-sections -fdata-sections -Wall -fstack-usage -MMD -MP -MF"Src/sysmem.d" -MT"Src/sysmem.o" --specs=nano.specs -mfloat-abi=soft -mthumb -o "Src/sysmem.o"
arm-none-eabi-gcc -o "lab1_unit6_lesson3.elf" @"objects.list"   -mcpu=cortex-m3 -T"D:\Embedded Course\Unit6_Microcontroller_Arch\L3_MCU_Clocks\Lab1\lab1_unit6_lesson3\STM32F103C6TX_FLASH.ld" --specs=nosys.specs -Wl,-Map="lab1_unit6_lesson3.map" -Wl,--gc-sections -static --specs=nano.specs -mfloat-abi=soft -mthumb -Wl,--start-group -lc -lm -Wl,--end-group
Finished building target: lab1_unit6_lesson3.elf
 
arm-none-eabi-size   lab1_unit6_lesson3.elf 
arm-none-eabi-objdump -h -S  lab1_unit6_lesson3.elf  > "lab1_unit6_lesson3.list"
   text	   data	    bss	    dec	    hex	filename
    656	      8	   1568	   2232	    8b8	lab1_unit6_lesson3.elf
Finished building: default.size.stdout
 
Finished building: lab1_unit6_lesson3.list
 
13:17:15 **** Incremental Build of configuration Debug for project lab1_unit6_lesson3 ****
make -j8 all 
arm-none-eabi-size   lab1_unit6_lesson3.elf 
   text	   data	    bss	    dec	    hex	filename
    656	      8	   1568	   2232	    8b8	lab1_unit6_lesson3.elf
Finished building: default.size.stdout
 
13:28:52 **** Incremental Build of configuration Debug for project lab1_unit6_lesson3 ****
make -j8 all 
arm-none-eabi-gcc "../Src/main.c" -mcpu=cortex-m3 -std=gnu11 -g3 -DDEBUG -DSTM32 -DSTM32F1 -DSTM32F103C6Tx -c -I../Inc -O0 -ffunction-sections -fdata-sections -Wall -fstack-usage -MMD -MP -MF"Src/main.d" -MT"Src/main.o" --specs=nano.specs -mfloat-abi=soft -mthumb -o "Src/main.o"
arm-none-eabi-gcc -o "lab1_unit6_lesson3.elf" @"objects.list"   -mcpu=cortex-m3 -T"D:\Embedded Course\Unit6_Microcontroller_Arch\L3_MCU_Clocks\Lab1\lab1_unit6_lesson3\STM32F103C6TX_FLASH.ld" --specs=nosys.specs -Wl,-Map="lab1_unit6_lesson3.map" -Wl,--gc-sections -static --specs=nano.specs -mfloat-abi=soft -mthumb -Wl,--start-group -lc -lm -Wl,--end-group
Finished building target: lab1_unit6_lesson3.elf
 
arm-none-eabi-size   lab1_unit6_lesson3.elf 
arm-none-eabi-objdump -h -S  lab1_unit6_lesson3.elf  > "lab1_unit6_lesson3.list"
   text	   data	    bss	    dec	    hex	filename
    672	      8	   1568	   2248	    8c8	lab1_unit6_lesson3.elf
Finished building: default.size.stdout
 
Finished building: lab1_unit6_lesson3.list
 
13:29:15 **** Incremental Build of configuration Debug for project lab1_unit6_lesson3 ****
make -j8 all 
arm-none-eabi-gcc -o "lab1_unit6_lesson3.elf" @"objects.list"   -mcpu=cortex-m3 -T"D:\Embedded Course\Unit6_Microcontroller_Arch\L3_MCU_Clocks\Lab1\lab1_unit6_lesson3\STM32F103C6TX_FLASH.ld" --specs=nosys.specs -Wl,-Map="lab1_unit6_lesson3.map" -Wl,--gc-sections -static --specs=nano.specs -mfloat-abi=soft -mthumb -Wl,--start-group -lc -lm -Wl,--end-group
Finished building target: lab1_unit6_lesson3.elf
 
arm-none-eabi-size   lab1_unit6_lesson3.elf 
arm-none-eabi-objdump -h -S  lab1_unit6_lesson3.elf  > "lab1_unit6_lesson3.list"
   text	   data	    bss	    dec	    hex	filename
    672	      8	   1568	   2248	    8c8	lab1_unit6_lesson3.elf
Finished building: default.size.stdout
 
Finished building: lab1_unit6_lesson3.list
 
