13:29:15 **** Incremental Build of configuration Debug for project lab1_unit6_lesson3 ****
make -j8 all 
arm-none-eabi-gcc -o "lab1_unit6_lesson3.elf" @"objects.list"   -mcpu=cortex-m3 -T"D:\Embedded Course\Unit6_Microcontroller_Arch\L3_MCU_Clocks\Lab1\lab1_unit6_lesson3\STM32F103C6TX_FLASH.ld" --specs=nosys.specs -Wl,-Map="lab1_unit6_lesson3.map" -Wl,--gc-sections -static --specs=nano.specs -mfloat-abi=soft -mthumb -Wl,--start-group -lc -lm -Wl,--end-group
Finished building target: lab1_unit6_lesson3.elf
 
arm-none-eabi-size   lab1_unit6_lesson3.elf 
arm-none-eabi-objdump -h -S  lab1_unit6_lesson3.elf  > "lab1_unit6_lesson3.list"
   text	   data	    bss	    dec	    hex	filename
    672	      8	   1568	   2248	    8c8	lab1_unit6_lesson3.elf
Finished building: default.size.stdout
 
Finished building: lab1_unit6_lesson3.list
 

13:29:15 Build Finished. 0 errors, 0 warnings. (took 411ms)

