Archive member included to satisfy reference by file (symbol)

c:/st/stm32cubeide_1.10.1/stm32cubeide/plugins/com.st.stm32cube.ide.mcu.externaltools.gnu-tools-for-stm32.10.3-2021.10.win32_1.0.0.202111181127/tools/bin/../lib/gcc/arm-none-eabi/10.3.1/../../../../arm-none-eabi/lib/thumb/v7-m/nofp\libc_nano.a(lib_a-errno.o)
                              ./Src/syscalls.o (__errno)
c:/st/stm32cubeide_1.10.1/stm32cubeide/plugins/com.st.stm32cube.ide.mcu.externaltools.gnu-tools-for-stm32.10.3-2021.10.win32_1.0.0.202111181127/tools/bin/../lib/gcc/arm-none-eabi/10.3.1/../../../../arm-none-eabi/lib/thumb/v7-m/nofp\libc_nano.a(lib_a-exit.o)
                              c:/st/stm32cubeide_1.10.1/stm32cubeide/plugins/com.st.stm32cube.ide.mcu.externaltools.gnu-tools-for-stm32.10.3-2021.10.win32_1.0.0.202111181127/tools/bin/../lib/gcc/arm-none-eabi/10.3.1/../../../../arm-none-eabi/lib/thumb/v7-m/nofp/crt0.o (exit)
c:/st/stm32cubeide_1.10.1/stm32cubeide/plugins/com.st.stm32cube.ide.mcu.externaltools.gnu-tools-for-stm32.10.3-2021.10.win32_1.0.0.202111181127/tools/bin/../lib/gcc/arm-none-eabi/10.3.1/../../../../arm-none-eabi/lib/thumb/v7-m/nofp\libc_nano.a(lib_a-impure.o)
                              c:/st/stm32cubeide_1.10.1/stm32cubeide/plugins/com.st.stm32cube.ide.mcu.externaltools.gnu-tools-for-stm32.10.3-2021.10.win32_1.0.0.202111181127/tools/bin/../lib/gcc/arm-none-eabi/10.3.1/../../../../arm-none-eabi/lib/thumb/v7-m/nofp\libc_nano.a(lib_a-exit.o) (_global_impure_ptr)
c:/st/stm32cubeide_1.10.1/stm32cubeide/plugins/com.st.stm32cube.ide.mcu.externaltools.gnu-tools-for-stm32.10.3-2021.10.win32_1.0.0.202111181127/tools/bin/../lib/gcc/arm-none-eabi/10.3.1/../../../../arm-none-eabi/lib/thumb/v7-m/nofp\libc_nano.a(lib_a-init.o)
                              c:/st/stm32cubeide_1.10.1/stm32cubeide/plugins/com.st.stm32cube.ide.mcu.externaltools.gnu-tools-for-stm32.10.3-2021.10.win32_1.0.0.202111181127/tools/bin/../lib/gcc/arm-none-eabi/10.3.1/../../../../arm-none-eabi/lib/thumb/v7-m/nofp/crt0.o (__libc_init_array)
c:/st/stm32cubeide_1.10.1/stm32cubeide/plugins/com.st.stm32cube.ide.mcu.externaltools.gnu-tools-for-stm32.10.3-2021.10.win32_1.0.0.202111181127/tools/bin/../lib/gcc/arm-none-eabi/10.3.1/../../../../arm-none-eabi/lib/thumb/v7-m/nofp\libc_nano.a(lib_a-memset.o)
                              c:/st/stm32cubeide_1.10.1/stm32cubeide/plugins/com.st.stm32cube.ide.mcu.externaltools.gnu-tools-for-stm32.10.3-2021.10.win32_1.0.0.202111181127/tools/bin/../lib/gcc/arm-none-eabi/10.3.1/../../../../arm-none-eabi/lib/thumb/v7-m/nofp/crt0.o (memset)

Discarded input sections

 .text          0x0000000000000000        0x0 c:/st/stm32cubeide_1.10.1/stm32cubeide/plugins/com.st.stm32cube.ide.mcu.externaltools.gnu-tools-for-stm32.10.3-2021.10.win32_1.0.0.202111181127/tools/bin/../lib/gcc/arm-none-eabi/10.3.1/thumb/v7-m/nofp/crti.o
 .data          0x0000000000000000        0x0 c:/st/stm32cubeide_1.10.1/stm32cubeide/plugins/com.st.stm32cube.ide.mcu.externaltools.gnu-tools-for-stm32.10.3-2021.10.win32_1.0.0.202111181127/tools/bin/../lib/gcc/arm-none-eabi/10.3.1/thumb/v7-m/nofp/crti.o
 .bss           0x0000000000000000        0x0 c:/st/stm32cubeide_1.10.1/stm32cubeide/plugins/com.st.stm32cube.ide.mcu.externaltools.gnu-tools-for-stm32.10.3-2021.10.win32_1.0.0.202111181127/tools/bin/../lib/gcc/arm-none-eabi/10.3.1/thumb/v7-m/nofp/crti.o
 .data          0x0000000000000000        0x4 c:/st/stm32cubeide_1.10.1/stm32cubeide/plugins/com.st.stm32cube.ide.mcu.externaltools.gnu-tools-for-stm32.10.3-2021.10.win32_1.0.0.202111181127/tools/bin/../lib/gcc/arm-none-eabi/10.3.1/thumb/v7-m/nofp/crtbegin.o
 .rodata        0x0000000000000000       0x24 c:/st/stm32cubeide_1.10.1/stm32cubeide/plugins/com.st.stm32cube.ide.mcu.externaltools.gnu-tools-for-stm32.10.3-2021.10.win32_1.0.0.202111181127/tools/bin/../lib/gcc/arm-none-eabi/10.3.1/thumb/v7-m/nofp/crtbegin.o
 .text          0x0000000000000000       0x7c c:/st/stm32cubeide_1.10.1/stm32cubeide/plugins/com.st.stm32cube.ide.mcu.externaltools.gnu-tools-for-stm32.10.3-2021.10.win32_1.0.0.202111181127/tools/bin/../lib/gcc/arm-none-eabi/10.3.1/../../../../arm-none-eabi/lib/thumb/v7-m/nofp/crt0.o
 .data          0x0000000000000000        0x0 c:/st/stm32cubeide_1.10.1/stm32cubeide/plugins/com.st.stm32cube.ide.mcu.externaltools.gnu-tools-for-stm32.10.3-2021.10.win32_1.0.0.202111181127/tools/bin/../lib/gcc/arm-none-eabi/10.3.1/../../../../arm-none-eabi/lib/thumb/v7-m/nofp/crt0.o
 .bss           0x0000000000000000        0x0 c:/st/stm32cubeide_1.10.1/stm32cubeide/plugins/com.st.stm32cube.ide.mcu.externaltools.gnu-tools-for-stm32.10.3-2021.10.win32_1.0.0.202111181127/tools/bin/../lib/gcc/arm-none-eabi/10.3.1/../../../../arm-none-eabi/lib/thumb/v7-m/nofp/crt0.o
 .ARM.extab     0x0000000000000000        0x0 c:/st/stm32cubeide_1.10.1/stm32cubeide/plugins/com.st.stm32cube.ide.mcu.externaltools.gnu-tools-for-stm32.10.3-2021.10.win32_1.0.0.202111181127/tools/bin/../lib/gcc/arm-none-eabi/10.3.1/../../../../arm-none-eabi/lib/thumb/v7-m/nofp/crt0.o
 .ARM.exidx     0x0000000000000000       0x10 c:/st/stm32cubeide_1.10.1/stm32cubeide/plugins/com.st.stm32cube.ide.mcu.externaltools.gnu-tools-for-stm32.10.3-2021.10.win32_1.0.0.202111181127/tools/bin/../lib/gcc/arm-none-eabi/10.3.1/../../../../arm-none-eabi/lib/thumb/v7-m/nofp/crt0.o
 .ARM.attributes
                0x0000000000000000       0x1b c:/st/stm32cubeide_1.10.1/stm32cubeide/plugins/com.st.stm32cube.ide.mcu.externaltools.gnu-tools-for-stm32.10.3-2021.10.win32_1.0.0.202111181127/tools/bin/../lib/gcc/arm-none-eabi/10.3.1/../../../../arm-none-eabi/lib/thumb/v7-m/nofp/crt0.o
 .group         0x0000000000000000        0xc ./HAL/keypad.o
 .group         0x0000000000000000        0xc ./HAL/keypad.o
 .group         0x0000000000000000        0xc ./HAL/keypad.o
 .group         0x0000000000000000        0xc ./HAL/keypad.o
 .group         0x0000000000000000        0xc ./HAL/keypad.o
 .group         0x0000000000000000        0xc ./HAL/keypad.o
 .group         0x0000000000000000        0xc ./HAL/keypad.o
 .group         0x0000000000000000        0xc ./HAL/keypad.o
 .group         0x0000000000000000        0xc ./HAL/keypad.o
 .group         0x0000000000000000        0xc ./HAL/keypad.o
 .group         0x0000000000000000        0xc ./HAL/keypad.o
 .group         0x0000000000000000        0xc ./HAL/keypad.o
 .group         0x0000000000000000        0xc ./HAL/keypad.o
 .group         0x0000000000000000        0xc ./HAL/keypad.o
 .group         0x0000000000000000        0xc ./HAL/keypad.o
 .group         0x0000000000000000        0xc ./HAL/keypad.o
 .group         0x0000000000000000        0xc ./HAL/keypad.o
 .group         0x0000000000000000        0xc ./HAL/keypad.o
 .group         0x0000000000000000        0xc ./HAL/keypad.o
 .group         0x0000000000000000        0xc ./HAL/keypad.o
 .group         0x0000000000000000        0xc ./HAL/keypad.o
 .group         0x0000000000000000        0xc ./HAL/keypad.o
 .group         0x0000000000000000        0xc ./HAL/keypad.o
 .group         0x0000000000000000        0xc ./HAL/keypad.o
 .group         0x0000000000000000        0xc ./HAL/keypad.o
 .group         0x0000000000000000        0xc ./HAL/keypad.o
 .group         0x0000000000000000        0xc ./HAL/keypad.o
 .group         0x0000000000000000        0xc ./HAL/keypad.o
 .text          0x0000000000000000        0x0 ./HAL/keypad.o
 .data          0x0000000000000000        0x0 ./HAL/keypad.o
 .bss           0x0000000000000000        0x0 ./HAL/keypad.o
 .data.Key_padRow
                0x0000000000000000       0x10 ./HAL/keypad.o
 .data.Key_padCol
                0x0000000000000000       0x10 ./HAL/keypad.o
 .text.delay_mss
                0x0000000000000000       0x3a ./HAL/keypad.o
 .text.Keypad_init
                0x0000000000000000       0xcc ./HAL/keypad.o
 .text.Keypad_getkey
                0x0000000000000000      0x198 ./HAL/keypad.o
 .debug_info    0x0000000000000000      0x2e8 ./HAL/keypad.o
 .debug_abbrev  0x0000000000000000      0x15a ./HAL/keypad.o
 .debug_loc     0x0000000000000000       0xfc ./HAL/keypad.o
 .debug_aranges
                0x0000000000000000       0x30 ./HAL/keypad.o
 .debug_ranges  0x0000000000000000       0x20 ./HAL/keypad.o
 .debug_macro   0x0000000000000000      0x15f ./HAL/keypad.o
 .debug_macro   0x0000000000000000      0xa72 ./HAL/keypad.o
 .debug_macro   0x0000000000000000       0x18 ./HAL/keypad.o
 .debug_macro   0x0000000000000000       0x22 ./HAL/keypad.o
 .debug_macro   0x0000000000000000       0x4c ./HAL/keypad.o
 .debug_macro   0x0000000000000000       0x94 ./HAL/keypad.o
 .debug_macro   0x0000000000000000       0x3c ./HAL/keypad.o
 .debug_macro   0x0000000000000000       0x34 ./HAL/keypad.o
 .debug_macro   0x0000000000000000       0x16 ./HAL/keypad.o
 .debug_macro   0x0000000000000000      0x10e ./HAL/keypad.o
 .debug_macro   0x0000000000000000       0x8d ./HAL/keypad.o
 .debug_macro   0x0000000000000000       0x16 ./HAL/keypad.o
 .debug_macro   0x0000000000000000       0x43 ./HAL/keypad.o
 .debug_macro   0x0000000000000000       0x57 ./HAL/keypad.o
 .debug_macro   0x0000000000000000       0x34 ./HAL/keypad.o
 .debug_macro   0x0000000000000000       0x10 ./HAL/keypad.o
 .debug_macro   0x0000000000000000       0x58 ./HAL/keypad.o
 .debug_macro   0x0000000000000000       0x71 ./HAL/keypad.o
 .debug_macro   0x0000000000000000       0x1c ./HAL/keypad.o
 .debug_macro   0x0000000000000000      0x12a ./HAL/keypad.o
 .debug_macro   0x0000000000000000      0x341 ./HAL/keypad.o
 .debug_macro   0x0000000000000000       0x16 ./HAL/keypad.o
 .debug_macro   0x0000000000000000       0x29 ./HAL/keypad.o
 .debug_macro   0x0000000000000000      0x103 ./HAL/keypad.o
 .debug_macro   0x0000000000000000       0x6a ./HAL/keypad.o
 .debug_macro   0x0000000000000000      0x1df ./HAL/keypad.o
 .debug_macro   0x0000000000000000      0x1b0 ./HAL/keypad.o
 .debug_macro   0x0000000000000000       0xd0 ./HAL/keypad.o
 .debug_macro   0x0000000000000000       0x3a ./HAL/keypad.o
 .debug_line    0x0000000000000000      0x71c ./HAL/keypad.o
 .debug_str     0x0000000000000000     0x7b4d ./HAL/keypad.o
 .comment       0x0000000000000000       0x51 ./HAL/keypad.o
 .debug_frame   0x0000000000000000       0x80 ./HAL/keypad.o
 .ARM.attributes
                0x0000000000000000       0x2d ./HAL/keypad.o
 .group         0x0000000000000000        0xc ./HAL/lcd.o
 .group         0x0000000000000000        0xc ./HAL/lcd.o
 .group         0x0000000000000000        0xc ./HAL/lcd.o
 .group         0x0000000000000000        0xc ./HAL/lcd.o
 .group         0x0000000000000000        0xc ./HAL/lcd.o
 .group         0x0000000000000000        0xc ./HAL/lcd.o
 .group         0x0000000000000000        0xc ./HAL/lcd.o
 .group         0x0000000000000000        0xc ./HAL/lcd.o
 .group         0x0000000000000000        0xc ./HAL/lcd.o
 .group         0x0000000000000000        0xc ./HAL/lcd.o
 .group         0x0000000000000000        0xc ./HAL/lcd.o
 .group         0x0000000000000000        0xc ./HAL/lcd.o
 .group         0x0000000000000000        0xc ./HAL/lcd.o
 .group         0x0000000000000000        0xc ./HAL/lcd.o
 .group         0x0000000000000000        0xc ./HAL/lcd.o
 .group         0x0000000000000000        0xc ./HAL/lcd.o
 .group         0x0000000000000000        0xc ./HAL/lcd.o
 .group         0x0000000000000000        0xc ./HAL/lcd.o
 .group         0x0000000000000000        0xc ./HAL/lcd.o
 .group         0x0000000000000000        0xc ./HAL/lcd.o
 .group         0x0000000000000000        0xc ./HAL/lcd.o
 .group         0x0000000000000000        0xc ./HAL/lcd.o
 .group         0x0000000000000000        0xc ./HAL/lcd.o
 .group         0x0000000000000000        0xc ./HAL/lcd.o
 .group         0x0000000000000000        0xc ./HAL/lcd.o
 .group         0x0000000000000000        0xc ./HAL/lcd.o
 .group         0x0000000000000000        0xc ./HAL/lcd.o
 .group         0x0000000000000000        0xc ./HAL/lcd.o
 .group         0x0000000000000000        0xc ./HAL/lcd.o
 .text          0x0000000000000000        0x0 ./HAL/lcd.o
 .data          0x0000000000000000        0x0 ./HAL/lcd.o
 .bss           0x0000000000000000        0x0 ./HAL/lcd.o
 .text.LCD_check_lcd_isbusy
                0x0000000000000000       0xd8 ./HAL/lcd.o
 .debug_macro   0x0000000000000000      0xa72 ./HAL/lcd.o
 .debug_macro   0x0000000000000000       0x18 ./HAL/lcd.o
 .debug_macro   0x0000000000000000       0x22 ./HAL/lcd.o
 .debug_macro   0x0000000000000000       0x4c ./HAL/lcd.o
 .debug_macro   0x0000000000000000       0x94 ./HAL/lcd.o
 .debug_macro   0x0000000000000000       0x3c ./HAL/lcd.o
 .debug_macro   0x0000000000000000       0x34 ./HAL/lcd.o
 .debug_macro   0x0000000000000000       0x16 ./HAL/lcd.o
 .debug_macro   0x0000000000000000      0x10e ./HAL/lcd.o
 .debug_macro   0x0000000000000000       0x8d ./HAL/lcd.o
 .debug_macro   0x0000000000000000       0x16 ./HAL/lcd.o
 .debug_macro   0x0000000000000000       0x43 ./HAL/lcd.o
 .debug_macro   0x0000000000000000       0x57 ./HAL/lcd.o
 .debug_macro   0x0000000000000000       0x34 ./HAL/lcd.o
 .debug_macro   0x0000000000000000       0x10 ./HAL/lcd.o
 .debug_macro   0x0000000000000000       0x58 ./HAL/lcd.o
 .debug_macro   0x0000000000000000       0x71 ./HAL/lcd.o
 .debug_macro   0x0000000000000000       0x1c ./HAL/lcd.o
 .debug_macro   0x0000000000000000      0x12a ./HAL/lcd.o
 .debug_macro   0x0000000000000000      0x341 ./HAL/lcd.o
 .debug_macro   0x0000000000000000       0x16 ./HAL/lcd.o
 .debug_macro   0x0000000000000000       0x29 ./HAL/lcd.o
 .debug_macro   0x0000000000000000      0x103 ./HAL/lcd.o
 .debug_macro   0x0000000000000000       0x6a ./HAL/lcd.o
 .debug_macro   0x0000000000000000      0x1df ./HAL/lcd.o
 .debug_macro   0x0000000000000000      0x1b0 ./HAL/lcd.o
 .group         0x0000000000000000        0xc ./Src/main.o
 .group         0x0000000000000000        0xc ./Src/main.o
 .group         0x0000000000000000        0xc ./Src/main.o
 .group         0x0000000000000000        0xc ./Src/main.o
 .group         0x0000000000000000        0xc ./Src/main.o
 .group         0x0000000000000000        0xc ./Src/main.o
 .group         0x0000000000000000        0xc ./Src/main.o
 .group         0x0000000000000000        0xc ./Src/main.o
 .group         0x0000000000000000        0xc ./Src/main.o
 .group         0x0000000000000000        0xc ./Src/main.o
 .group         0x0000000000000000        0xc ./Src/main.o
 .group         0x0000000000000000        0xc ./Src/main.o
 .group         0x0000000000000000        0xc ./Src/main.o
 .group         0x0000000000000000        0xc ./Src/main.o
 .group         0x0000000000000000        0xc ./Src/main.o
 .group         0x0000000000000000        0xc ./Src/main.o
 .group         0x0000000000000000        0xc ./Src/main.o
 .group         0x0000000000000000        0xc ./Src/main.o
 .group         0x0000000000000000        0xc ./Src/main.o
 .group         0x0000000000000000        0xc ./Src/main.o
 .group         0x0000000000000000        0xc ./Src/main.o
 .group         0x0000000000000000        0xc ./Src/main.o
 .group         0x0000000000000000        0xc ./Src/main.o
 .group         0x0000000000000000        0xc ./Src/main.o
 .group         0x0000000000000000        0xc ./Src/main.o
 .group         0x0000000000000000        0xc ./Src/main.o
 .group         0x0000000000000000        0xc ./Src/main.o
 .group         0x0000000000000000        0xc ./Src/main.o
 .group         0x0000000000000000        0xc ./Src/main.o
 .group         0x0000000000000000        0xc ./Src/main.o
 .group         0x0000000000000000        0xc ./Src/main.o
 .text          0x0000000000000000        0x0 ./Src/main.o
 .data          0x0000000000000000        0x0 ./Src/main.o
 .bss           0x0000000000000000        0x0 ./Src/main.o
 .debug_macro   0x0000000000000000      0xa72 ./Src/main.o
 .debug_macro   0x0000000000000000       0x22 ./Src/main.o
 .debug_macro   0x0000000000000000      0x103 ./Src/main.o
 .debug_macro   0x0000000000000000       0x6a ./Src/main.o
 .debug_macro   0x0000000000000000      0x1df ./Src/main.o
 .debug_macro   0x0000000000000000       0x18 ./Src/main.o
 .debug_macro   0x0000000000000000       0x3c ./Src/main.o
 .debug_macro   0x0000000000000000       0x34 ./Src/main.o
 .debug_macro   0x0000000000000000       0x16 ./Src/main.o
 .debug_macro   0x0000000000000000      0x10e ./Src/main.o
 .debug_macro   0x0000000000000000       0x8d ./Src/main.o
 .debug_macro   0x0000000000000000       0x16 ./Src/main.o
 .debug_macro   0x0000000000000000       0x43 ./Src/main.o
 .debug_macro   0x0000000000000000       0x34 ./Src/main.o
 .debug_macro   0x0000000000000000       0x10 ./Src/main.o
 .debug_macro   0x0000000000000000       0x58 ./Src/main.o
 .debug_macro   0x0000000000000000       0x71 ./Src/main.o
 .debug_macro   0x0000000000000000       0x1c ./Src/main.o
 .debug_macro   0x0000000000000000      0x12a ./Src/main.o
 .debug_macro   0x0000000000000000      0x341 ./Src/main.o
 .debug_macro   0x0000000000000000       0x16 ./Src/main.o
 .debug_macro   0x0000000000000000       0x29 ./Src/main.o
 .debug_macro   0x0000000000000000      0x1b0 ./Src/main.o
 .debug_macro   0x0000000000000000       0xd0 ./Src/main.o
 .debug_macro   0x0000000000000000       0x10 ./Src/main.o
 .debug_macro   0x0000000000000000       0x94 ./Src/main.o
 .group         0x0000000000000000        0xc ./Src/syscalls.o
 .group         0x0000000000000000        0xc ./Src/syscalls.o
 .group         0x0000000000000000        0xc ./Src/syscalls.o
 .group         0x0000000000000000        0xc ./Src/syscalls.o
 .group         0x0000000000000000        0xc ./Src/syscalls.o
 .group         0x0000000000000000        0xc ./Src/syscalls.o
 .group         0x0000000000000000        0xc ./Src/syscalls.o
 .group         0x0000000000000000        0xc ./Src/syscalls.o
 .group         0x0000000000000000        0xc ./Src/syscalls.o
 .group         0x0000000000000000        0xc ./Src/syscalls.o
 .group         0x0000000000000000        0xc ./Src/syscalls.o
 .group         0x0000000000000000        0xc ./Src/syscalls.o
 .group         0x0000000000000000        0xc ./Src/syscalls.o
 .group         0x0000000000000000        0xc ./Src/syscalls.o
 .group         0x0000000000000000        0xc ./Src/syscalls.o
 .group         0x0000000000000000        0xc ./Src/syscalls.o
 .group         0x0000000000000000        0xc ./Src/syscalls.o
 .group         0x0000000000000000        0xc ./Src/syscalls.o
 .group         0x0000000000000000        0xc ./Src/syscalls.o
 .group         0x0000000000000000        0xc ./Src/syscalls.o
 .group         0x0000000000000000        0xc ./Src/syscalls.o
 .group         0x0000000000000000        0xc ./Src/syscalls.o
 .group         0x0000000000000000        0xc ./Src/syscalls.o
 .group         0x0000000000000000        0xc ./Src/syscalls.o
 .group         0x0000000000000000        0xc ./Src/syscalls.o
 .group         0x0000000000000000        0xc ./Src/syscalls.o
 .group         0x0000000000000000        0xc ./Src/syscalls.o
 .group         0x0000000000000000        0xc ./Src/syscalls.o
 .group         0x0000000000000000        0xc ./Src/syscalls.o
 .group         0x0000000000000000        0xc ./Src/syscalls.o
 .group         0x0000000000000000        0xc ./Src/syscalls.o
 .group         0x0000000000000000        0xc ./Src/syscalls.o
 .group         0x0000000000000000        0xc ./Src/syscalls.o
 .group         0x0000000000000000        0xc ./Src/syscalls.o
 .group         0x0000000000000000        0xc ./Src/syscalls.o
 .group         0x0000000000000000        0xc ./Src/syscalls.o
 .group         0x0000000000000000        0xc ./Src/syscalls.o
 .group         0x0000000000000000        0xc ./Src/syscalls.o
 .group         0x0000000000000000        0xc ./Src/syscalls.o
 .group         0x0000000000000000        0xc ./Src/syscalls.o
 .group         0x0000000000000000        0xc ./Src/syscalls.o
 .group         0x0000000000000000        0xc ./Src/syscalls.o
 .group         0x0000000000000000        0xc ./Src/syscalls.o
 .group         0x0000000000000000        0xc ./Src/syscalls.o
 .group         0x0000000000000000        0xc ./Src/syscalls.o
 .group         0x0000000000000000        0xc ./Src/syscalls.o
 .group         0x0000000000000000        0xc ./Src/syscalls.o
 .text          0x0000000000000000        0x0 ./Src/syscalls.o
 .data          0x0000000000000000        0x0 ./Src/syscalls.o
 .bss           0x0000000000000000        0x0 ./Src/syscalls.o
 .bss.__env     0x0000000000000000        0x4 ./Src/syscalls.o
 .data.environ  0x0000000000000000        0x4 ./Src/syscalls.o
 .text.initialise_monitor_handles
                0x0000000000000000        0xc ./Src/syscalls.o
 .text._getpid  0x0000000000000000        0xe ./Src/syscalls.o
 .text._kill    0x0000000000000000       0x20 ./Src/syscalls.o
 .text._exit    0x0000000000000000       0x14 ./Src/syscalls.o
 .text._read    0x0000000000000000       0x3a ./Src/syscalls.o
 .text._write   0x0000000000000000       0x38 ./Src/syscalls.o
 .text._close   0x0000000000000000       0x16 ./Src/syscalls.o
 .text._fstat   0x0000000000000000       0x1e ./Src/syscalls.o
 .text._isatty  0x0000000000000000       0x14 ./Src/syscalls.o
 .text._lseek   0x0000000000000000       0x18 ./Src/syscalls.o
 .text._open    0x0000000000000000       0x1a ./Src/syscalls.o
 .text._wait    0x0000000000000000       0x1e ./Src/syscalls.o
 .text._unlink  0x0000000000000000       0x1e ./Src/syscalls.o
 .text._times   0x0000000000000000       0x16 ./Src/syscalls.o
 .text._stat    0x0000000000000000       0x1e ./Src/syscalls.o
 .text._link    0x0000000000000000       0x20 ./Src/syscalls.o
 .text._fork    0x0000000000000000       0x16 ./Src/syscalls.o
 .text._execve  0x0000000000000000       0x22 ./Src/syscalls.o
 .debug_info    0x0000000000000000      0x771 ./Src/syscalls.o
 .debug_abbrev  0x0000000000000000      0x1b5 ./Src/syscalls.o
 .debug_loc     0x0000000000000000      0x5b8 ./Src/syscalls.o
 .debug_aranges
                0x0000000000000000       0xa8 ./Src/syscalls.o
 .debug_ranges  0x0000000000000000       0x98 ./Src/syscalls.o
 .debug_macro   0x0000000000000000      0x24c ./Src/syscalls.o
 .debug_macro   0x0000000000000000      0xa72 ./Src/syscalls.o
 .debug_macro   0x0000000000000000       0x22 ./Src/syscalls.o
 .debug_macro   0x0000000000000000       0x4c ./Src/syscalls.o
 .debug_macro   0x0000000000000000       0x18 ./Src/syscalls.o
 .debug_macro   0x0000000000000000       0x94 ./Src/syscalls.o
 .debug_macro   0x0000000000000000       0x3c ./Src/syscalls.o
 .debug_macro   0x0000000000000000       0x34 ./Src/syscalls.o
 .debug_macro   0x0000000000000000       0x57 ./Src/syscalls.o
 .debug_macro   0x0000000000000000      0x174 ./Src/syscalls.o
 .debug_macro   0x0000000000000000      0x341 ./Src/syscalls.o
 .debug_macro   0x0000000000000000       0x16 ./Src/syscalls.o
 .debug_macro   0x0000000000000000       0x43 ./Src/syscalls.o
 .debug_macro   0x0000000000000000       0x34 ./Src/syscalls.o
 .debug_macro   0x0000000000000000       0x10 ./Src/syscalls.o
 .debug_macro   0x0000000000000000       0x58 ./Src/syscalls.o
 .debug_macro   0x0000000000000000       0x71 ./Src/syscalls.o
 .debug_macro   0x0000000000000000       0x1c ./Src/syscalls.o
 .debug_macro   0x0000000000000000      0x12a ./Src/syscalls.o
 .debug_macro   0x0000000000000000       0x10 ./Src/syscalls.o
 .debug_macro   0x0000000000000000       0x35 ./Src/syscalls.o
 .debug_macro   0x0000000000000000       0x10 ./Src/syscalls.o
 .debug_macro   0x0000000000000000       0x10 ./Src/syscalls.o
 .debug_macro   0x0000000000000000       0x10 ./Src/syscalls.o
 .debug_macro   0x0000000000000000       0x6a ./Src/syscalls.o
 .debug_macro   0x0000000000000000       0x1c ./Src/syscalls.o
 .debug_macro   0x0000000000000000       0x52 ./Src/syscalls.o
 .debug_macro   0x0000000000000000       0x22 ./Src/syscalls.o
 .debug_macro   0x0000000000000000       0x10 ./Src/syscalls.o
 .debug_macro   0x0000000000000000       0x52 ./Src/syscalls.o
 .debug_macro   0x0000000000000000       0xd5 ./Src/syscalls.o
 .debug_macro   0x0000000000000000       0x1c ./Src/syscalls.o
 .debug_macro   0x0000000000000000       0x3d ./Src/syscalls.o
 .debug_macro   0x0000000000000000       0x35 ./Src/syscalls.o
 .debug_macro   0x0000000000000000      0x12c ./Src/syscalls.o
 .debug_macro   0x0000000000000000       0x16 ./Src/syscalls.o
 .debug_macro   0x0000000000000000       0x16 ./Src/syscalls.o
 .debug_macro   0x0000000000000000       0x29 ./Src/syscalls.o
 .debug_macro   0x0000000000000000       0x10 ./Src/syscalls.o
 .debug_macro   0x0000000000000000      0x241 ./Src/syscalls.o
 .debug_macro   0x0000000000000000       0x1c ./Src/syscalls.o
 .debug_macro   0x0000000000000000       0x10 ./Src/syscalls.o
 .debug_macro   0x0000000000000000       0x10 ./Src/syscalls.o
 .debug_macro   0x0000000000000000       0x16 ./Src/syscalls.o
 .debug_macro   0x0000000000000000      0x145 ./Src/syscalls.o
 .debug_macro   0x0000000000000000      0x189 ./Src/syscalls.o
 .debug_macro   0x0000000000000000       0x16 ./Src/syscalls.o
 .debug_macro   0x0000000000000000       0xce ./Src/syscalls.o
 .debug_line    0x0000000000000000      0x7ef ./Src/syscalls.o
 .debug_str     0x0000000000000000     0x8a2f ./Src/syscalls.o
 .comment       0x0000000000000000       0x51 ./Src/syscalls.o
 .debug_frame   0x0000000000000000      0x2ac ./Src/syscalls.o
 .ARM.attributes
                0x0000000000000000       0x2d ./Src/syscalls.o
 .group         0x0000000000000000        0xc ./Src/sysmem.o
 .group         0x0000000000000000        0xc ./Src/sysmem.o
 .group         0x0000000000000000        0xc ./Src/sysmem.o
 .group         0x0000000000000000        0xc ./Src/sysmem.o
 .group         0x0000000000000000        0xc ./Src/sysmem.o
 .group         0x0000000000000000        0xc ./Src/sysmem.o
 .group         0x0000000000000000        0xc ./Src/sysmem.o
 .group         0x0000000000000000        0xc ./Src/sysmem.o
 .group         0x0000000000000000        0xc ./Src/sysmem.o
 .group         0x0000000000000000        0xc ./Src/sysmem.o
 .group         0x0000000000000000        0xc ./Src/sysmem.o
 .group         0x0000000000000000        0xc ./Src/sysmem.o
 .group         0x0000000000000000        0xc ./Src/sysmem.o
 .group         0x0000000000000000        0xc ./Src/sysmem.o
 .group         0x0000000000000000        0xc ./Src/sysmem.o
 .group         0x0000000000000000        0xc ./Src/sysmem.o
 .group         0x0000000000000000        0xc ./Src/sysmem.o
 .group         0x0000000000000000        0xc ./Src/sysmem.o
 .group         0x0000000000000000        0xc ./Src/sysmem.o
 .group         0x0000000000000000        0xc ./Src/sysmem.o
 .group         0x0000000000000000        0xc ./Src/sysmem.o
 .group         0x0000000000000000        0xc ./Src/sysmem.o
 .text          0x0000000000000000        0x0 ./Src/sysmem.o
 .data          0x0000000000000000        0x0 ./Src/sysmem.o
 .bss           0x0000000000000000        0x0 ./Src/sysmem.o
 .bss.__sbrk_heap_end
                0x0000000000000000        0x4 ./Src/sysmem.o
 .text._sbrk    0x0000000000000000       0x6c ./Src/sysmem.o
 .debug_info    0x0000000000000000      0x183 ./Src/sysmem.o
 .debug_abbrev  0x0000000000000000       0xbd ./Src/sysmem.o
 .debug_loc     0x0000000000000000       0x50 ./Src/sysmem.o
 .debug_aranges
                0x0000000000000000       0x20 ./Src/sysmem.o
 .debug_ranges  0x0000000000000000       0x10 ./Src/sysmem.o
 .debug_macro   0x0000000000000000       0xff ./Src/sysmem.o
 .debug_macro   0x0000000000000000      0xa72 ./Src/sysmem.o
 .debug_macro   0x0000000000000000       0x10 ./Src/sysmem.o
 .debug_macro   0x0000000000000000       0x22 ./Src/sysmem.o
 .debug_macro   0x0000000000000000       0x4c ./Src/sysmem.o
 .debug_macro   0x0000000000000000       0x18 ./Src/sysmem.o
 .debug_macro   0x0000000000000000       0x94 ./Src/sysmem.o
 .debug_macro   0x0000000000000000       0x3c ./Src/sysmem.o
 .debug_macro   0x0000000000000000       0x34 ./Src/sysmem.o
 .debug_macro   0x0000000000000000      0x174 ./Src/sysmem.o
 .debug_macro   0x0000000000000000       0x16 ./Src/sysmem.o
 .debug_macro   0x0000000000000000       0x43 ./Src/sysmem.o
 .debug_macro   0x0000000000000000       0x57 ./Src/sysmem.o
 .debug_macro   0x0000000000000000       0x34 ./Src/sysmem.o
 .debug_macro   0x0000000000000000       0x10 ./Src/sysmem.o
 .debug_macro   0x0000000000000000       0x58 ./Src/sysmem.o
 .debug_macro   0x0000000000000000       0x71 ./Src/sysmem.o
 .debug_macro   0x0000000000000000       0x1c ./Src/sysmem.o
 .debug_macro   0x0000000000000000      0x12a ./Src/sysmem.o
 .debug_macro   0x0000000000000000      0x23b ./Src/sysmem.o
 .debug_macro   0x0000000000000000      0x103 ./Src/sysmem.o
 .debug_macro   0x0000000000000000       0x6a ./Src/sysmem.o
 .debug_macro   0x0000000000000000      0x1df ./Src/sysmem.o
 .debug_line    0x0000000000000000      0x4e5 ./Src/sysmem.o
 .debug_str     0x0000000000000000     0x5d6b ./Src/sysmem.o
 .comment       0x0000000000000000       0x51 ./Src/sysmem.o
 .debug_frame   0x0000000000000000       0x34 ./Src/sysmem.o
 .ARM.attributes
                0x0000000000000000       0x2d ./Src/sysmem.o
 .text          0x0000000000000000       0x14 ./Startup/startup_stm32f103c6tx.o
 .data          0x0000000000000000        0x0 ./Startup/startup_stm32f103c6tx.o
 .bss           0x0000000000000000        0x0 ./Startup/startup_stm32f103c6tx.o
 .group         0x0000000000000000        0xc ./stm32_F103C6_Drivers/stm32_F103C6_EXTI_driver.o
 .group         0x0000000000000000        0xc ./stm32_F103C6_Drivers/stm32_F103C6_EXTI_driver.o
 .group         0x0000000000000000        0xc ./stm32_F103C6_Drivers/stm32_F103C6_EXTI_driver.o
 .group         0x0000000000000000        0xc ./stm32_F103C6_Drivers/stm32_F103C6_EXTI_driver.o
 .group         0x0000000000000000        0xc ./stm32_F103C6_Drivers/stm32_F103C6_EXTI_driver.o
 .group         0x0000000000000000        0xc ./stm32_F103C6_Drivers/stm32_F103C6_EXTI_driver.o
 .group         0x0000000000000000        0xc ./stm32_F103C6_Drivers/stm32_F103C6_EXTI_driver.o
 .group         0x0000000000000000        0xc ./stm32_F103C6_Drivers/stm32_F103C6_EXTI_driver.o
 .group         0x0000000000000000        0xc ./stm32_F103C6_Drivers/stm32_F103C6_EXTI_driver.o
 .group         0x0000000000000000        0xc ./stm32_F103C6_Drivers/stm32_F103C6_EXTI_driver.o
 .group         0x0000000000000000        0xc ./stm32_F103C6_Drivers/stm32_F103C6_EXTI_driver.o
 .group         0x0000000000000000        0xc ./stm32_F103C6_Drivers/stm32_F103C6_EXTI_driver.o
 .group         0x0000000000000000        0xc ./stm32_F103C6_Drivers/stm32_F103C6_EXTI_driver.o
 .group         0x0000000000000000        0xc ./stm32_F103C6_Drivers/stm32_F103C6_EXTI_driver.o
 .group         0x0000000000000000        0xc ./stm32_F103C6_Drivers/stm32_F103C6_EXTI_driver.o
 .group         0x0000000000000000        0xc ./stm32_F103C6_Drivers/stm32_F103C6_EXTI_driver.o
 .group         0x0000000000000000        0xc ./stm32_F103C6_Drivers/stm32_F103C6_EXTI_driver.o
 .group         0x0000000000000000        0xc ./stm32_F103C6_Drivers/stm32_F103C6_EXTI_driver.o
 .group         0x0000000000000000        0xc ./stm32_F103C6_Drivers/stm32_F103C6_EXTI_driver.o
 .group         0x0000000000000000        0xc ./stm32_F103C6_Drivers/stm32_F103C6_EXTI_driver.o
 .group         0x0000000000000000        0xc ./stm32_F103C6_Drivers/stm32_F103C6_EXTI_driver.o
 .group         0x0000000000000000        0xc ./stm32_F103C6_Drivers/stm32_F103C6_EXTI_driver.o
 .group         0x0000000000000000        0xc ./stm32_F103C6_Drivers/stm32_F103C6_EXTI_driver.o
 .group         0x0000000000000000        0xc ./stm32_F103C6_Drivers/stm32_F103C6_EXTI_driver.o
 .group         0x0000000000000000        0xc ./stm32_F103C6_Drivers/stm32_F103C6_EXTI_driver.o
 .group         0x0000000000000000        0xc ./stm32_F103C6_Drivers/stm32_F103C6_EXTI_driver.o
 .group         0x0000000000000000        0xc ./stm32_F103C6_Drivers/stm32_F103C6_EXTI_driver.o
 .group         0x0000000000000000        0xc ./stm32_F103C6_Drivers/stm32_F103C6_EXTI_driver.o
 .text          0x0000000000000000        0x0 ./stm32_F103C6_Drivers/stm32_F103C6_EXTI_driver.o
 .data          0x0000000000000000        0x0 ./stm32_F103C6_Drivers/stm32_F103C6_EXTI_driver.o
 .bss           0x0000000000000000        0x0 ./stm32_F103C6_Drivers/stm32_F103C6_EXTI_driver.o
 .text.MCAL_EXTI_GPIO_DeInit
                0x0000000000000000       0x94 ./stm32_F103C6_Drivers/stm32_F103C6_EXTI_driver.o
 .text.MCAL_EXTI_GPIO_Update
                0x0000000000000000       0x16 ./stm32_F103C6_Drivers/stm32_F103C6_EXTI_driver.o
 .debug_macro   0x0000000000000000      0xa72 ./stm32_F103C6_Drivers/stm32_F103C6_EXTI_driver.o
 .debug_macro   0x0000000000000000       0x18 ./stm32_F103C6_Drivers/stm32_F103C6_EXTI_driver.o
 .debug_macro   0x0000000000000000       0x22 ./stm32_F103C6_Drivers/stm32_F103C6_EXTI_driver.o
 .debug_macro   0x0000000000000000       0x4c ./stm32_F103C6_Drivers/stm32_F103C6_EXTI_driver.o
 .debug_macro   0x0000000000000000       0x94 ./stm32_F103C6_Drivers/stm32_F103C6_EXTI_driver.o
 .debug_macro   0x0000000000000000       0x3c ./stm32_F103C6_Drivers/stm32_F103C6_EXTI_driver.o
 .debug_macro   0x0000000000000000       0x34 ./stm32_F103C6_Drivers/stm32_F103C6_EXTI_driver.o
 .debug_macro   0x0000000000000000       0x16 ./stm32_F103C6_Drivers/stm32_F103C6_EXTI_driver.o
 .debug_macro   0x0000000000000000      0x10e ./stm32_F103C6_Drivers/stm32_F103C6_EXTI_driver.o
 .debug_macro   0x0000000000000000       0x8d ./stm32_F103C6_Drivers/stm32_F103C6_EXTI_driver.o
 .debug_macro   0x0000000000000000       0x16 ./stm32_F103C6_Drivers/stm32_F103C6_EXTI_driver.o
 .debug_macro   0x0000000000000000       0x43 ./stm32_F103C6_Drivers/stm32_F103C6_EXTI_driver.o
 .debug_macro   0x0000000000000000       0x57 ./stm32_F103C6_Drivers/stm32_F103C6_EXTI_driver.o
 .debug_macro   0x0000000000000000       0x34 ./stm32_F103C6_Drivers/stm32_F103C6_EXTI_driver.o
 .debug_macro   0x0000000000000000       0x10 ./stm32_F103C6_Drivers/stm32_F103C6_EXTI_driver.o
 .debug_macro   0x0000000000000000       0x58 ./stm32_F103C6_Drivers/stm32_F103C6_EXTI_driver.o
 .debug_macro   0x0000000000000000       0x71 ./stm32_F103C6_Drivers/stm32_F103C6_EXTI_driver.o
 .debug_macro   0x0000000000000000       0x1c ./stm32_F103C6_Drivers/stm32_F103C6_EXTI_driver.o
 .debug_macro   0x0000000000000000      0x12a ./stm32_F103C6_Drivers/stm32_F103C6_EXTI_driver.o
 .debug_macro   0x0000000000000000      0x341 ./stm32_F103C6_Drivers/stm32_F103C6_EXTI_driver.o
 .debug_macro   0x0000000000000000       0x16 ./stm32_F103C6_Drivers/stm32_F103C6_EXTI_driver.o
 .debug_macro   0x0000000000000000       0x29 ./stm32_F103C6_Drivers/stm32_F103C6_EXTI_driver.o
 .debug_macro   0x0000000000000000      0x103 ./stm32_F103C6_Drivers/stm32_F103C6_EXTI_driver.o
 .debug_macro   0x0000000000000000       0x6a ./stm32_F103C6_Drivers/stm32_F103C6_EXTI_driver.o
 .debug_macro   0x0000000000000000      0x1df ./stm32_F103C6_Drivers/stm32_F103C6_EXTI_driver.o
 .debug_macro   0x0000000000000000      0x1b0 ./stm32_F103C6_Drivers/stm32_F103C6_EXTI_driver.o
 .debug_macro   0x0000000000000000      0x21f ./stm32_F103C6_Drivers/stm32_F103C6_EXTI_driver.o
 .group         0x0000000000000000        0xc ./stm32_F103C6_Drivers/stm32_F103C6_gpio_driver.o
 .group         0x0000000000000000        0xc ./stm32_F103C6_Drivers/stm32_F103C6_gpio_driver.o
 .group         0x0000000000000000        0xc ./stm32_F103C6_Drivers/stm32_F103C6_gpio_driver.o
 .group         0x0000000000000000        0xc ./stm32_F103C6_Drivers/stm32_F103C6_gpio_driver.o
 .group         0x0000000000000000        0xc ./stm32_F103C6_Drivers/stm32_F103C6_gpio_driver.o
 .group         0x0000000000000000        0xc ./stm32_F103C6_Drivers/stm32_F103C6_gpio_driver.o
 .group         0x0000000000000000        0xc ./stm32_F103C6_Drivers/stm32_F103C6_gpio_driver.o
 .group         0x0000000000000000        0xc ./stm32_F103C6_Drivers/stm32_F103C6_gpio_driver.o
 .group         0x0000000000000000        0xc ./stm32_F103C6_Drivers/stm32_F103C6_gpio_driver.o
 .group         0x0000000000000000        0xc ./stm32_F103C6_Drivers/stm32_F103C6_gpio_driver.o
 .group         0x0000000000000000        0xc ./stm32_F103C6_Drivers/stm32_F103C6_gpio_driver.o
 .group         0x0000000000000000        0xc ./stm32_F103C6_Drivers/stm32_F103C6_gpio_driver.o
 .group         0x0000000000000000        0xc ./stm32_F103C6_Drivers/stm32_F103C6_gpio_driver.o
 .group         0x0000000000000000        0xc ./stm32_F103C6_Drivers/stm32_F103C6_gpio_driver.o
 .group         0x0000000000000000        0xc ./stm32_F103C6_Drivers/stm32_F103C6_gpio_driver.o
 .group         0x0000000000000000        0xc ./stm32_F103C6_Drivers/stm32_F103C6_gpio_driver.o
 .group         0x0000000000000000        0xc ./stm32_F103C6_Drivers/stm32_F103C6_gpio_driver.o
 .group         0x0000000000000000        0xc ./stm32_F103C6_Drivers/stm32_F103C6_gpio_driver.o
 .group         0x0000000000000000        0xc ./stm32_F103C6_Drivers/stm32_F103C6_gpio_driver.o
 .group         0x0000000000000000        0xc ./stm32_F103C6_Drivers/stm32_F103C6_gpio_driver.o
 .group         0x0000000000000000        0xc ./stm32_F103C6_Drivers/stm32_F103C6_gpio_driver.o
 .group         0x0000000000000000        0xc ./stm32_F103C6_Drivers/stm32_F103C6_gpio_driver.o
 .group         0x0000000000000000        0xc ./stm32_F103C6_Drivers/stm32_F103C6_gpio_driver.o
 .group         0x0000000000000000        0xc ./stm32_F103C6_Drivers/stm32_F103C6_gpio_driver.o
 .group         0x0000000000000000        0xc ./stm32_F103C6_Drivers/stm32_F103C6_gpio_driver.o
 .group         0x0000000000000000        0xc ./stm32_F103C6_Drivers/stm32_F103C6_gpio_driver.o
 .group         0x0000000000000000        0xc ./stm32_F103C6_Drivers/stm32_F103C6_gpio_driver.o
 .text          0x0000000000000000        0x0 ./stm32_F103C6_Drivers/stm32_F103C6_gpio_driver.o
 .data          0x0000000000000000        0x0 ./stm32_F103C6_Drivers/stm32_F103C6_gpio_driver.o
 .bss           0x0000000000000000        0x0 ./stm32_F103C6_Drivers/stm32_F103C6_gpio_driver.o
 .text.MCAL_GPIO_DeInit
                0x0000000000000000       0xd4 ./stm32_F103C6_Drivers/stm32_F103C6_gpio_driver.o
 .text.MCAL_GPIO_ReadPin
                0x0000000000000000       0x2e ./stm32_F103C6_Drivers/stm32_F103C6_gpio_driver.o
 .text.MCAL_GPIO_ReadPort
                0x0000000000000000       0x1a ./stm32_F103C6_Drivers/stm32_F103C6_gpio_driver.o
 .text.MCAL_GPIO_TogglePin
                0x0000000000000000       0x22 ./stm32_F103C6_Drivers/stm32_F103C6_gpio_driver.o
 .text.MCAL_GPIO_LockPin
                0x0000000000000000       0x4e ./stm32_F103C6_Drivers/stm32_F103C6_gpio_driver.o
 .debug_macro   0x0000000000000000      0xa72 ./stm32_F103C6_Drivers/stm32_F103C6_gpio_driver.o
 .debug_macro   0x0000000000000000       0x18 ./stm32_F103C6_Drivers/stm32_F103C6_gpio_driver.o
 .debug_macro   0x0000000000000000       0x22 ./stm32_F103C6_Drivers/stm32_F103C6_gpio_driver.o
 .debug_macro   0x0000000000000000       0x4c ./stm32_F103C6_Drivers/stm32_F103C6_gpio_driver.o
 .debug_macro   0x0000000000000000       0x94 ./stm32_F103C6_Drivers/stm32_F103C6_gpio_driver.o
 .debug_macro   0x0000000000000000       0x3c ./stm32_F103C6_Drivers/stm32_F103C6_gpio_driver.o
 .debug_macro   0x0000000000000000       0x34 ./stm32_F103C6_Drivers/stm32_F103C6_gpio_driver.o
 .debug_macro   0x0000000000000000       0x16 ./stm32_F103C6_Drivers/stm32_F103C6_gpio_driver.o
 .debug_macro   0x0000000000000000      0x10e ./stm32_F103C6_Drivers/stm32_F103C6_gpio_driver.o
 .debug_macro   0x0000000000000000       0x8d ./stm32_F103C6_Drivers/stm32_F103C6_gpio_driver.o
 .debug_macro   0x0000000000000000       0x16 ./stm32_F103C6_Drivers/stm32_F103C6_gpio_driver.o
 .debug_macro   0x0000000000000000       0x43 ./stm32_F103C6_Drivers/stm32_F103C6_gpio_driver.o
 .debug_macro   0x0000000000000000       0x57 ./stm32_F103C6_Drivers/stm32_F103C6_gpio_driver.o
 .debug_macro   0x0000000000000000       0x34 ./stm32_F103C6_Drivers/stm32_F103C6_gpio_driver.o
 .debug_macro   0x0000000000000000       0x10 ./stm32_F103C6_Drivers/stm32_F103C6_gpio_driver.o
 .debug_macro   0x0000000000000000       0x58 ./stm32_F103C6_Drivers/stm32_F103C6_gpio_driver.o
 .debug_macro   0x0000000000000000       0x71 ./stm32_F103C6_Drivers/stm32_F103C6_gpio_driver.o
 .debug_macro   0x0000000000000000       0x1c ./stm32_F103C6_Drivers/stm32_F103C6_gpio_driver.o
 .debug_macro   0x0000000000000000      0x12a ./stm32_F103C6_Drivers/stm32_F103C6_gpio_driver.o
 .debug_macro   0x0000000000000000      0x341 ./stm32_F103C6_Drivers/stm32_F103C6_gpio_driver.o
 .debug_macro   0x0000000000000000       0x16 ./stm32_F103C6_Drivers/stm32_F103C6_gpio_driver.o
 .debug_macro   0x0000000000000000       0x29 ./stm32_F103C6_Drivers/stm32_F103C6_gpio_driver.o
 .debug_macro   0x0000000000000000      0x103 ./stm32_F103C6_Drivers/stm32_F103C6_gpio_driver.o
 .debug_macro   0x0000000000000000       0x6a ./stm32_F103C6_Drivers/stm32_F103C6_gpio_driver.o
 .debug_macro   0x0000000000000000      0x1df ./stm32_F103C6_Drivers/stm32_F103C6_gpio_driver.o
 .debug_macro   0x0000000000000000      0x1b0 ./stm32_F103C6_Drivers/stm32_F103C6_gpio_driver.o
 .debug_macro   0x0000000000000000       0xd0 ./stm32_F103C6_Drivers/stm32_F103C6_gpio_driver.o
 .text          0x0000000000000000        0x0 c:/st/stm32cubeide_1.10.1/stm32cubeide/plugins/com.st.stm32cube.ide.mcu.externaltools.gnu-tools-for-stm32.10.3-2021.10.win32_1.0.0.202111181127/tools/bin/../lib/gcc/arm-none-eabi/10.3.1/../../../../arm-none-eabi/lib/thumb/v7-m/nofp\libc_nano.a(lib_a-errno.o)
 .data          0x0000000000000000        0x0 c:/st/stm32cubeide_1.10.1/stm32cubeide/plugins/com.st.stm32cube.ide.mcu.externaltools.gnu-tools-for-stm32.10.3-2021.10.win32_1.0.0.202111181127/tools/bin/../lib/gcc/arm-none-eabi/10.3.1/../../../../arm-none-eabi/lib/thumb/v7-m/nofp\libc_nano.a(lib_a-errno.o)
 .bss           0x0000000000000000        0x0 c:/st/stm32cubeide_1.10.1/stm32cubeide/plugins/com.st.stm32cube.ide.mcu.externaltools.gnu-tools-for-stm32.10.3-2021.10.win32_1.0.0.202111181127/tools/bin/../lib/gcc/arm-none-eabi/10.3.1/../../../../arm-none-eabi/lib/thumb/v7-m/nofp\libc_nano.a(lib_a-errno.o)
 .text.__errno  0x0000000000000000        0xc c:/st/stm32cubeide_1.10.1/stm32cubeide/plugins/com.st.stm32cube.ide.mcu.externaltools.gnu-tools-for-stm32.10.3-2021.10.win32_1.0.0.202111181127/tools/bin/../lib/gcc/arm-none-eabi/10.3.1/../../../../arm-none-eabi/lib/thumb/v7-m/nofp\libc_nano.a(lib_a-errno.o)
 .debug_frame   0x0000000000000000       0x20 c:/st/stm32cubeide_1.10.1/stm32cubeide/plugins/com.st.stm32cube.ide.mcu.externaltools.gnu-tools-for-stm32.10.3-2021.10.win32_1.0.0.202111181127/tools/bin/../lib/gcc/arm-none-eabi/10.3.1/../../../../arm-none-eabi/lib/thumb/v7-m/nofp\libc_nano.a(lib_a-errno.o)
 .ARM.attributes
                0x0000000000000000       0x2d c:/st/stm32cubeide_1.10.1/stm32cubeide/plugins/com.st.stm32cube.ide.mcu.externaltools.gnu-tools-for-stm32.10.3-2021.10.win32_1.0.0.202111181127/tools/bin/../lib/gcc/arm-none-eabi/10.3.1/../../../../arm-none-eabi/lib/thumb/v7-m/nofp\libc_nano.a(lib_a-errno.o)
 .text          0x0000000000000000        0x0 c:/st/stm32cubeide_1.10.1/stm32cubeide/plugins/com.st.stm32cube.ide.mcu.externaltools.gnu-tools-for-stm32.10.3-2021.10.win32_1.0.0.202111181127/tools/bin/../lib/gcc/arm-none-eabi/10.3.1/../../../../arm-none-eabi/lib/thumb/v7-m/nofp\libc_nano.a(lib_a-exit.o)
 .data          0x0000000000000000        0x0 c:/st/stm32cubeide_1.10.1/stm32cubeide/plugins/com.st.stm32cube.ide.mcu.externaltools.gnu-tools-for-stm32.10.3-2021.10.win32_1.0.0.202111181127/tools/bin/../lib/gcc/arm-none-eabi/10.3.1/../../../../arm-none-eabi/lib/thumb/v7-m/nofp\libc_nano.a(lib_a-exit.o)
 .bss           0x0000000000000000        0x0 c:/st/stm32cubeide_1.10.1/stm32cubeide/plugins/com.st.stm32cube.ide.mcu.externaltools.gnu-tools-for-stm32.10.3-2021.10.win32_1.0.0.202111181127/tools/bin/../lib/gcc/arm-none-eabi/10.3.1/../../../../arm-none-eabi/lib/thumb/v7-m/nofp\libc_nano.a(lib_a-exit.o)
 .text.exit     0x0000000000000000       0x28 c:/st/stm32cubeide_1.10.1/stm32cubeide/plugins/com.st.stm32cube.ide.mcu.externaltools.gnu-tools-for-stm32.10.3-2021.10.win32_1.0.0.202111181127/tools/bin/../lib/gcc/arm-none-eabi/10.3.1/../../../../arm-none-eabi/lib/thumb/v7-m/nofp\libc_nano.a(lib_a-exit.o)
 .debug_frame   0x0000000000000000       0x28 c:/st/stm32cubeide_1.10.1/stm32cubeide/plugins/com.st.stm32cube.ide.mcu.externaltools.gnu-tools-for-stm32.10.3-2021.10.win32_1.0.0.202111181127/tools/bin/../lib/gcc/arm-none-eabi/10.3.1/../../../../arm-none-eabi/lib/thumb/v7-m/nofp\libc_nano.a(lib_a-exit.o)
 .ARM.attributes
                0x0000000000000000       0x2d c:/st/stm32cubeide_1.10.1/stm32cubeide/plugins/com.st.stm32cube.ide.mcu.externaltools.gnu-tools-for-stm32.10.3-2021.10.win32_1.0.0.202111181127/tools/bin/../lib/gcc/arm-none-eabi/10.3.1/../../../../arm-none-eabi/lib/thumb/v7-m/nofp\libc_nano.a(lib_a-exit.o)
 .text          0x0000000000000000        0x0 c:/st/stm32cubeide_1.10.1/stm32cubeide/plugins/com.st.stm32cube.ide.mcu.externaltools.gnu-tools-for-stm32.10.3-2021.10.win32_1.0.0.202111181127/tools/bin/../lib/gcc/arm-none-eabi/10.3.1/../../../../arm-none-eabi/lib/thumb/v7-m/nofp\libc_nano.a(lib_a-impure.o)
 .data          0x0000000000000000        0x0 c:/st/stm32cubeide_1.10.1/stm32cubeide/plugins/com.st.stm32cube.ide.mcu.externaltools.gnu-tools-for-stm32.10.3-2021.10.win32_1.0.0.202111181127/tools/bin/../lib/gcc/arm-none-eabi/10.3.1/../../../../arm-none-eabi/lib/thumb/v7-m/nofp\libc_nano.a(lib_a-impure.o)
 .bss           0x0000000000000000        0x0 c:/st/stm32cubeide_1.10.1/stm32cubeide/plugins/com.st.stm32cube.ide.mcu.externaltools.gnu-tools-for-stm32.10.3-2021.10.win32_1.0.0.202111181127/tools/bin/../lib/gcc/arm-none-eabi/10.3.1/../../../../arm-none-eabi/lib/thumb/v7-m/nofp\libc_nano.a(lib_a-impure.o)
 .data._impure_ptr
                0x0000000000000000        0x4 c:/st/stm32cubeide_1.10.1/stm32cubeide/plugins/com.st.stm32cube.ide.mcu.externaltools.gnu-tools-for-stm32.10.3-2021.10.win32_1.0.0.202111181127/tools/bin/../lib/gcc/arm-none-eabi/10.3.1/../../../../arm-none-eabi/lib/thumb/v7-m/nofp\libc_nano.a(lib_a-impure.o)
 .data.impure_data
                0x0000000000000000       0x60 c:/st/stm32cubeide_1.10.1/stm32cubeide/plugins/com.st.stm32cube.ide.mcu.externaltools.gnu-tools-for-stm32.10.3-2021.10.win32_1.0.0.202111181127/tools/bin/../lib/gcc/arm-none-eabi/10.3.1/../../../../arm-none-eabi/lib/thumb/v7-m/nofp\libc_nano.a(lib_a-impure.o)
 .rodata._global_impure_ptr
                0x0000000000000000        0x4 c:/st/stm32cubeide_1.10.1/stm32cubeide/plugins/com.st.stm32cube.ide.mcu.externaltools.gnu-tools-for-stm32.10.3-2021.10.win32_1.0.0.202111181127/tools/bin/../lib/gcc/arm-none-eabi/10.3.1/../../../../arm-none-eabi/lib/thumb/v7-m/nofp\libc_nano.a(lib_a-impure.o)
 .ARM.attributes
                0x0000000000000000       0x2d c:/st/stm32cubeide_1.10.1/stm32cubeide/plugins/com.st.stm32cube.ide.mcu.externaltools.gnu-tools-for-stm32.10.3-2021.10.win32_1.0.0.202111181127/tools/bin/../lib/gcc/arm-none-eabi/10.3.1/../../../../arm-none-eabi/lib/thumb/v7-m/nofp\libc_nano.a(lib_a-impure.o)
 .text          0x0000000000000000        0x0 c:/st/stm32cubeide_1.10.1/stm32cubeide/plugins/com.st.stm32cube.ide.mcu.externaltools.gnu-tools-for-stm32.10.3-2021.10.win32_1.0.0.202111181127/tools/bin/../lib/gcc/arm-none-eabi/10.3.1/../../../../arm-none-eabi/lib/thumb/v7-m/nofp\libc_nano.a(lib_a-init.o)
 .data          0x0000000000000000        0x0 c:/st/stm32cubeide_1.10.1/stm32cubeide/plugins/com.st.stm32cube.ide.mcu.externaltools.gnu-tools-for-stm32.10.3-2021.10.win32_1.0.0.202111181127/tools/bin/../lib/gcc/arm-none-eabi/10.3.1/../../../../arm-none-eabi/lib/thumb/v7-m/nofp\libc_nano.a(lib_a-init.o)
 .bss           0x0000000000000000        0x0 c:/st/stm32cubeide_1.10.1/stm32cubeide/plugins/com.st.stm32cube.ide.mcu.externaltools.gnu-tools-for-stm32.10.3-2021.10.win32_1.0.0.202111181127/tools/bin/../lib/gcc/arm-none-eabi/10.3.1/../../../../arm-none-eabi/lib/thumb/v7-m/nofp\libc_nano.a(lib_a-init.o)
 .text          0x0000000000000000        0x0 c:/st/stm32cubeide_1.10.1/stm32cubeide/plugins/com.st.stm32cube.ide.mcu.externaltools.gnu-tools-for-stm32.10.3-2021.10.win32_1.0.0.202111181127/tools/bin/../lib/gcc/arm-none-eabi/10.3.1/../../../../arm-none-eabi/lib/thumb/v7-m/nofp\libc_nano.a(lib_a-memset.o)
 .data          0x0000000000000000        0x0 c:/st/stm32cubeide_1.10.1/stm32cubeide/plugins/com.st.stm32cube.ide.mcu.externaltools.gnu-tools-for-stm32.10.3-2021.10.win32_1.0.0.202111181127/tools/bin/../lib/gcc/arm-none-eabi/10.3.1/../../../../arm-none-eabi/lib/thumb/v7-m/nofp\libc_nano.a(lib_a-memset.o)
 .bss           0x0000000000000000        0x0 c:/st/stm32cubeide_1.10.1/stm32cubeide/plugins/com.st.stm32cube.ide.mcu.externaltools.gnu-tools-for-stm32.10.3-2021.10.win32_1.0.0.202111181127/tools/bin/../lib/gcc/arm-none-eabi/10.3.1/../../../../arm-none-eabi/lib/thumb/v7-m/nofp\libc_nano.a(lib_a-memset.o)
 .text.memset   0x0000000000000000       0x10 c:/st/stm32cubeide_1.10.1/stm32cubeide/plugins/com.st.stm32cube.ide.mcu.externaltools.gnu-tools-for-stm32.10.3-2021.10.win32_1.0.0.202111181127/tools/bin/../lib/gcc/arm-none-eabi/10.3.1/../../../../arm-none-eabi/lib/thumb/v7-m/nofp\libc_nano.a(lib_a-memset.o)
 .debug_frame   0x0000000000000000       0x20 c:/st/stm32cubeide_1.10.1/stm32cubeide/plugins/com.st.stm32cube.ide.mcu.externaltools.gnu-tools-for-stm32.10.3-2021.10.win32_1.0.0.202111181127/tools/bin/../lib/gcc/arm-none-eabi/10.3.1/../../../../arm-none-eabi/lib/thumb/v7-m/nofp\libc_nano.a(lib_a-memset.o)
 .ARM.attributes
                0x0000000000000000       0x2d c:/st/stm32cubeide_1.10.1/stm32cubeide/plugins/com.st.stm32cube.ide.mcu.externaltools.gnu-tools-for-stm32.10.3-2021.10.win32_1.0.0.202111181127/tools/bin/../lib/gcc/arm-none-eabi/10.3.1/../../../../arm-none-eabi/lib/thumb/v7-m/nofp\libc_nano.a(lib_a-memset.o)
 .text          0x0000000000000000        0x0 c:/st/stm32cubeide_1.10.1/stm32cubeide/plugins/com.st.stm32cube.ide.mcu.externaltools.gnu-tools-for-stm32.10.3-2021.10.win32_1.0.0.202111181127/tools/bin/../lib/gcc/arm-none-eabi/10.3.1/thumb/v7-m/nofp/crtend.o
 .data          0x0000000000000000        0x0 c:/st/stm32cubeide_1.10.1/stm32cubeide/plugins/com.st.stm32cube.ide.mcu.externaltools.gnu-tools-for-stm32.10.3-2021.10.win32_1.0.0.202111181127/tools/bin/../lib/gcc/arm-none-eabi/10.3.1/thumb/v7-m/nofp/crtend.o
 .bss           0x0000000000000000        0x0 c:/st/stm32cubeide_1.10.1/stm32cubeide/plugins/com.st.stm32cube.ide.mcu.externaltools.gnu-tools-for-stm32.10.3-2021.10.win32_1.0.0.202111181127/tools/bin/../lib/gcc/arm-none-eabi/10.3.1/thumb/v7-m/nofp/crtend.o
 .rodata        0x0000000000000000       0x24 c:/st/stm32cubeide_1.10.1/stm32cubeide/plugins/com.st.stm32cube.ide.mcu.externaltools.gnu-tools-for-stm32.10.3-2021.10.win32_1.0.0.202111181127/tools/bin/../lib/gcc/arm-none-eabi/10.3.1/thumb/v7-m/nofp/crtend.o
 .eh_frame      0x0000000000000000        0x4 c:/st/stm32cubeide_1.10.1/stm32cubeide/plugins/com.st.stm32cube.ide.mcu.externaltools.gnu-tools-for-stm32.10.3-2021.10.win32_1.0.0.202111181127/tools/bin/../lib/gcc/arm-none-eabi/10.3.1/thumb/v7-m/nofp/crtend.o
 .ARM.attributes
                0x0000000000000000       0x2d c:/st/stm32cubeide_1.10.1/stm32cubeide/plugins/com.st.stm32cube.ide.mcu.externaltools.gnu-tools-for-stm32.10.3-2021.10.win32_1.0.0.202111181127/tools/bin/../lib/gcc/arm-none-eabi/10.3.1/thumb/v7-m/nofp/crtend.o
 .text          0x0000000000000000        0x0 c:/st/stm32cubeide_1.10.1/stm32cubeide/plugins/com.st.stm32cube.ide.mcu.externaltools.gnu-tools-for-stm32.10.3-2021.10.win32_1.0.0.202111181127/tools/bin/../lib/gcc/arm-none-eabi/10.3.1/thumb/v7-m/nofp/crtn.o
 .data          0x0000000000000000        0x0 c:/st/stm32cubeide_1.10.1/stm32cubeide/plugins/com.st.stm32cube.ide.mcu.externaltools.gnu-tools-for-stm32.10.3-2021.10.win32_1.0.0.202111181127/tools/bin/../lib/gcc/arm-none-eabi/10.3.1/thumb/v7-m/nofp/crtn.o
 .bss           0x0000000000000000        0x0 c:/st/stm32cubeide_1.10.1/stm32cubeide/plugins/com.st.stm32cube.ide.mcu.externaltools.gnu-tools-for-stm32.10.3-2021.10.win32_1.0.0.202111181127/tools/bin/../lib/gcc/arm-none-eabi/10.3.1/thumb/v7-m/nofp/crtn.o

Memory Configuration

Name             Origin             Length             Attributes
RAM              0x0000000020000000 0x0000000000002800 xrw
FLASH            0x0000000008000000 0x0000000000008000 xr
*default*        0x0000000000000000 0xffffffffffffffff

Linker script and memory map

LOAD c:/st/stm32cubeide_1.10.1/stm32cubeide/plugins/com.st.stm32cube.ide.mcu.externaltools.gnu-tools-for-stm32.10.3-2021.10.win32_1.0.0.202111181127/tools/bin/../lib/gcc/arm-none-eabi/10.3.1/thumb/v7-m/nofp/crti.o
LOAD c:/st/stm32cubeide_1.10.1/stm32cubeide/plugins/com.st.stm32cube.ide.mcu.externaltools.gnu-tools-for-stm32.10.3-2021.10.win32_1.0.0.202111181127/tools/bin/../lib/gcc/arm-none-eabi/10.3.1/thumb/v7-m/nofp/crtbegin.o
LOAD c:/st/stm32cubeide_1.10.1/stm32cubeide/plugins/com.st.stm32cube.ide.mcu.externaltools.gnu-tools-for-stm32.10.3-2021.10.win32_1.0.0.202111181127/tools/bin/../lib/gcc/arm-none-eabi/10.3.1/../../../../arm-none-eabi/lib/thumb/v7-m/nofp/crt0.o
LOAD ./HAL/keypad.o
LOAD ./HAL/lcd.o
LOAD ./Src/main.o
LOAD ./Src/syscalls.o
LOAD ./Src/sysmem.o
LOAD ./Startup/startup_stm32f103c6tx.o
LOAD ./stm32_F103C6_Drivers/stm32_F103C6_EXTI_driver.o
LOAD ./stm32_F103C6_Drivers/stm32_F103C6_gpio_driver.o
START GROUP
LOAD c:/st/stm32cubeide_1.10.1/stm32cubeide/plugins/com.st.stm32cube.ide.mcu.externaltools.gnu-tools-for-stm32.10.3-2021.10.win32_1.0.0.202111181127/tools/bin/../lib/gcc/arm-none-eabi/10.3.1/../../../../arm-none-eabi/lib/thumb/v7-m/nofp\libc_nano.a
LOAD c:/st/stm32cubeide_1.10.1/stm32cubeide/plugins/com.st.stm32cube.ide.mcu.externaltools.gnu-tools-for-stm32.10.3-2021.10.win32_1.0.0.202111181127/tools/bin/../lib/gcc/arm-none-eabi/10.3.1/../../../../arm-none-eabi/lib/thumb/v7-m/nofp\libm.a
END GROUP
START GROUP
LOAD c:/st/stm32cubeide_1.10.1/stm32cubeide/plugins/com.st.stm32cube.ide.mcu.externaltools.gnu-tools-for-stm32.10.3-2021.10.win32_1.0.0.202111181127/tools/bin/../lib/gcc/arm-none-eabi/10.3.1/thumb/v7-m/nofp\libgcc.a
LOAD c:/st/stm32cubeide_1.10.1/stm32cubeide/plugins/com.st.stm32cube.ide.mcu.externaltools.gnu-tools-for-stm32.10.3-2021.10.win32_1.0.0.202111181127/tools/bin/../lib/gcc/arm-none-eabi/10.3.1/../../../../arm-none-eabi/lib/thumb/v7-m/nofp\libg_nano.a
LOAD c:/st/stm32cubeide_1.10.1/stm32cubeide/plugins/com.st.stm32cube.ide.mcu.externaltools.gnu-tools-for-stm32.10.3-2021.10.win32_1.0.0.202111181127/tools/bin/../lib/gcc/arm-none-eabi/10.3.1/../../../../arm-none-eabi/lib/thumb/v7-m/nofp\libc_nano.a
END GROUP
START GROUP
LOAD c:/st/stm32cubeide_1.10.1/stm32cubeide/plugins/com.st.stm32cube.ide.mcu.externaltools.gnu-tools-for-stm32.10.3-2021.10.win32_1.0.0.202111181127/tools/bin/../lib/gcc/arm-none-eabi/10.3.1/thumb/v7-m/nofp\libgcc.a
LOAD c:/st/stm32cubeide_1.10.1/stm32cubeide/plugins/com.st.stm32cube.ide.mcu.externaltools.gnu-tools-for-stm32.10.3-2021.10.win32_1.0.0.202111181127/tools/bin/../lib/gcc/arm-none-eabi/10.3.1/../../../../arm-none-eabi/lib/thumb/v7-m/nofp\libc_nano.a
LOAD c:/st/stm32cubeide_1.10.1/stm32cubeide/plugins/com.st.stm32cube.ide.mcu.externaltools.gnu-tools-for-stm32.10.3-2021.10.win32_1.0.0.202111181127/tools/bin/../lib/gcc/arm-none-eabi/10.3.1/../../../../arm-none-eabi/lib/thumb/v7-m/nofp\libnosys.a
END GROUP
START GROUP
LOAD c:/st/stm32cubeide_1.10.1/stm32cubeide/plugins/com.st.stm32cube.ide.mcu.externaltools.gnu-tools-for-stm32.10.3-2021.10.win32_1.0.0.202111181127/tools/bin/../lib/gcc/arm-none-eabi/10.3.1/thumb/v7-m/nofp\libgcc.a
LOAD c:/st/stm32cubeide_1.10.1/stm32cubeide/plugins/com.st.stm32cube.ide.mcu.externaltools.gnu-tools-for-stm32.10.3-2021.10.win32_1.0.0.202111181127/tools/bin/../lib/gcc/arm-none-eabi/10.3.1/../../../../arm-none-eabi/lib/thumb/v7-m/nofp\libc_nano.a
LOAD c:/st/stm32cubeide_1.10.1/stm32cubeide/plugins/com.st.stm32cube.ide.mcu.externaltools.gnu-tools-for-stm32.10.3-2021.10.win32_1.0.0.202111181127/tools/bin/../lib/gcc/arm-none-eabi/10.3.1/../../../../arm-none-eabi/lib/thumb/v7-m/nofp\libnosys.a
END GROUP
LOAD c:/st/stm32cubeide_1.10.1/stm32cubeide/plugins/com.st.stm32cube.ide.mcu.externaltools.gnu-tools-for-stm32.10.3-2021.10.win32_1.0.0.202111181127/tools/bin/../lib/gcc/arm-none-eabi/10.3.1/thumb/v7-m/nofp/crtend.o
LOAD c:/st/stm32cubeide_1.10.1/stm32cubeide/plugins/com.st.stm32cube.ide.mcu.externaltools.gnu-tools-for-stm32.10.3-2021.10.win32_1.0.0.202111181127/tools/bin/../lib/gcc/arm-none-eabi/10.3.1/thumb/v7-m/nofp/crtn.o
                0x0000000020002800                _estack = (ORIGIN (RAM) + LENGTH (RAM))
                0x0000000000000200                _Min_Heap_Size = 0x200
                0x0000000000000400                _Min_Stack_Size = 0x400

.isr_vector     0x0000000008000000      0x130
                0x0000000008000000                . = ALIGN (0x4)
 *(.isr_vector)
 .isr_vector    0x0000000008000000      0x130 ./Startup/startup_stm32f103c6tx.o
                0x0000000008000000                g_pfnVectors
                0x0000000008000130                . = ALIGN (0x4)

.text           0x0000000008000130      0xd60
                0x0000000008000130                . = ALIGN (0x4)
 *(.text)
 .text          0x0000000008000130       0x40 c:/st/stm32cubeide_1.10.1/stm32cubeide/plugins/com.st.stm32cube.ide.mcu.externaltools.gnu-tools-for-stm32.10.3-2021.10.win32_1.0.0.202111181127/tools/bin/../lib/gcc/arm-none-eabi/10.3.1/thumb/v7-m/nofp/crtbegin.o
 *(.text*)
 .text.delay_ms
                0x0000000008000170       0x3a ./HAL/lcd.o
                0x0000000008000170                delay_ms
 *fill*         0x00000000080001aa        0x2 
 .text.LCD_GPIO_init
                0x00000000080001ac      0x158 ./HAL/lcd.o
                0x00000000080001ac                LCD_GPIO_init
 .text.LCD_clear_screen
                0x0000000008000304        0xe ./HAL/lcd.o
                0x0000000008000304                LCD_clear_screen
 *fill*         0x0000000008000312        0x2 
 .text.LCD_lcd_kick
                0x0000000008000314       0x2c ./HAL/lcd.o
                0x0000000008000314                LCD_lcd_kick
 .text.LCD_GOTO_XY
                0x0000000008000340       0x48 ./HAL/lcd.o
                0x0000000008000340                LCD_GOTO_XY
 .text.LCD_INIT
                0x0000000008000388       0x34 ./HAL/lcd.o
                0x0000000008000388                LCD_INIT
 .text.LCD_WRITE_COMMAND
                0x00000000080003bc       0x44 ./HAL/lcd.o
                0x00000000080003bc                LCD_WRITE_COMMAND
 .text.LCD_WRITE_CHAR
                0x0000000008000400       0x44 ./HAL/lcd.o
                0x0000000008000400                LCD_WRITE_CHAR
 .text.LCD_WRITE_STRING
                0x0000000008000444       0x5a ./HAL/lcd.o
                0x0000000008000444                LCD_WRITE_STRING
 .text.wait_ms  0x000000000800049e       0x3a ./Src/main.o
                0x000000000800049e                wait_ms
 .text.EXTI9_Callback
                0x00000000080004d8       0x24 ./Src/main.o
                0x00000000080004d8                EXTI9_Callback
 .text.main     0x00000000080004fc       0x80 ./Src/main.o
                0x00000000080004fc                main
 .text.Reset_Handler
                0x000000000800057c       0x50 ./Startup/startup_stm32f103c6tx.o
                0x000000000800057c                Reset_Handler
 .text.Default_Handler
                0x00000000080005cc        0x2 ./Startup/startup_stm32f103c6tx.o
                0x00000000080005cc                TIM8_TRG_COM_IRQHandler
                0x00000000080005cc                TIM8_CC_IRQHandler
                0x00000000080005cc                DebugMon_Handler
                0x00000000080005cc                TIM1_CC_IRQHandler
                0x00000000080005cc                HardFault_Handler
                0x00000000080005cc                TIM6_IRQHandler
                0x00000000080005cc                SysTick_Handler
                0x00000000080005cc                PVD_IRQHandler
                0x00000000080005cc                SDIO_IRQHandler
                0x00000000080005cc                PendSV_Handler
                0x00000000080005cc                NMI_Handler
                0x00000000080005cc                USB_HP_CAN_TX_IRQHandler
                0x00000000080005cc                I2C2_EV_IRQHandler
                0x00000000080005cc                UsageFault_Handler
                0x00000000080005cc                ADC1_2_IRQHandler
                0x00000000080005cc                SPI1_IRQHandler
                0x00000000080005cc                CAN_SCE_IRQHandler
                0x00000000080005cc                TAMPER_IRQHandler
                0x00000000080005cc                TIM8_UP_IRQHandler
                0x00000000080005cc                DMA2_Channel2_IRQHandler
                0x00000000080005cc                DMA1_Channel4_IRQHandler
                0x00000000080005cc                USART3_IRQHandler
                0x00000000080005cc                RTC_IRQHandler
                0x00000000080005cc                DMA1_Channel7_IRQHandler
                0x00000000080005cc                UART5_IRQHandler
                0x00000000080005cc                ADC3_IRQHandler
                0x00000000080005cc                TIM4_IRQHandler
                0x00000000080005cc                CAN_RX1_IRQHandler
                0x00000000080005cc                DMA2_Channel1_IRQHandler
                0x00000000080005cc                I2C1_EV_IRQHandler
                0x00000000080005cc                DMA1_Channel6_IRQHandler
                0x00000000080005cc                UART4_IRQHandler
                0x00000000080005cc                TIM3_IRQHandler
                0x00000000080005cc                RCC_IRQHandler
                0x00000000080005cc                TIM1_TRG_COM_IRQHandler
                0x00000000080005cc                DMA1_Channel1_IRQHandler
                0x00000000080005cc                Default_Handler
                0x00000000080005cc                TIM7_IRQHandler
                0x00000000080005cc                TIM5_IRQHandler
                0x00000000080005cc                SPI2_IRQHandler
                0x00000000080005cc                USB_LP_CAN_RX0_IRQHandler
                0x00000000080005cc                MemManage_Handler
                0x00000000080005cc                SVC_Handler
                0x00000000080005cc                DMA1_Channel5_IRQHandler
                0x00000000080005cc                DMA1_Channel3_IRQHandler
                0x00000000080005cc                FSMC_IRQHandler
                0x00000000080005cc                TIM1_UP_IRQHandler
                0x00000000080005cc                WWDG_IRQHandler
                0x00000000080005cc                TIM2_IRQHandler
                0x00000000080005cc                TIM1_BRK_IRQHandler
                0x00000000080005cc                RTCAlarm_IRQHandler
                0x00000000080005cc                DMA2_Channel4_5_IRQHandler
                0x00000000080005cc                USART2_IRQHandler
                0x00000000080005cc                I2C2_ER_IRQHandler
                0x00000000080005cc                DMA1_Channel2_IRQHandler
                0x00000000080005cc                TIM8_BRK_IRQHandler
                0x00000000080005cc                FLASH_IRQHandler
                0x00000000080005cc                BusFault_Handler
                0x00000000080005cc                USART1_IRQHandler
                0x00000000080005cc                SPI3_IRQHandler
                0x00000000080005cc                I2C1_ER_IRQHandler
                0x00000000080005cc                DMA2_Channel3_IRQHandler
 *fill*         0x00000000080005ce        0x2 
 .text.Enable_NVIC
                0x00000000080005d0       0xcc ./stm32_F103C6_Drivers/stm32_F103C6_EXTI_driver.o
                0x00000000080005d0                Enable_NVIC
 .text.Disable_NVIC
                0x000000000800069c       0xcc ./stm32_F103C6_Drivers/stm32_F103C6_EXTI_driver.o
                0x000000000800069c                Disable_NVIC
 .text.Update_EXTI
                0x0000000008000768      0x1d8 ./stm32_F103C6_Drivers/stm32_F103C6_EXTI_driver.o
                0x0000000008000768                Update_EXTI
 .text.MCAL_EXTI_GPIO_Init
                0x0000000008000940       0x16 ./stm32_F103C6_Drivers/stm32_F103C6_EXTI_driver.o
                0x0000000008000940                MCAL_EXTI_GPIO_Init
 *fill*         0x0000000008000956        0x2 
 .text.EXTI0_IRQHandler
                0x0000000008000958       0x24 ./stm32_F103C6_Drivers/stm32_F103C6_EXTI_driver.o
                0x0000000008000958                EXTI0_IRQHandler
 .text.EXTI1_IRQHandler
                0x000000000800097c       0x24 ./stm32_F103C6_Drivers/stm32_F103C6_EXTI_driver.o
                0x000000000800097c                EXTI1_IRQHandler
 .text.EXTI2_IRQHandler
                0x00000000080009a0       0x24 ./stm32_F103C6_Drivers/stm32_F103C6_EXTI_driver.o
                0x00000000080009a0                EXTI2_IRQHandler
 .text.EXTI3_IRQHandler
                0x00000000080009c4       0x24 ./stm32_F103C6_Drivers/stm32_F103C6_EXTI_driver.o
                0x00000000080009c4                EXTI3_IRQHandler
 .text.EXTI4_IRQHandler
                0x00000000080009e8       0x24 ./stm32_F103C6_Drivers/stm32_F103C6_EXTI_driver.o
                0x00000000080009e8                EXTI4_IRQHandler
 .text.EXTI9_5_IRQHandler
                0x0000000008000a0c       0xa8 ./stm32_F103C6_Drivers/stm32_F103C6_EXTI_driver.o
                0x0000000008000a0c                EXTI9_5_IRQHandler
 .text.EXTI15_10_IRQHandler
                0x0000000008000ab4       0xc4 ./stm32_F103C6_Drivers/stm32_F103C6_EXTI_driver.o
                0x0000000008000ab4                EXTI15_10_IRQHandler
 .text.Get_CRHL_Position
                0x0000000008000b78      0x170 ./stm32_F103C6_Drivers/stm32_F103C6_gpio_driver.o
                0x0000000008000b78                Get_CRHL_Position
 .text.MCAL_GPIO_Init
                0x0000000008000ce8       0xfe ./stm32_F103C6_Drivers/stm32_F103C6_gpio_driver.o
                0x0000000008000ce8                MCAL_GPIO_Init
 .text.MCAL_GPIO_WritePin
                0x0000000008000de6       0x2e ./stm32_F103C6_Drivers/stm32_F103C6_gpio_driver.o
                0x0000000008000de6                MCAL_GPIO_WritePin
 .text.MCAL_GPIO_WritePort
                0x0000000008000e14       0x1c ./stm32_F103C6_Drivers/stm32_F103C6_gpio_driver.o
                0x0000000008000e14                MCAL_GPIO_WritePort
 .text.__libc_init_array
                0x0000000008000e30       0x48 c:/st/stm32cubeide_1.10.1/stm32cubeide/plugins/com.st.stm32cube.ide.mcu.externaltools.gnu-tools-for-stm32.10.3-2021.10.win32_1.0.0.202111181127/tools/bin/../lib/gcc/arm-none-eabi/10.3.1/../../../../arm-none-eabi/lib/thumb/v7-m/nofp\libc_nano.a(lib_a-init.o)
                0x0000000008000e30                __libc_init_array
 *(.glue_7)
 .glue_7        0x0000000008000e78        0x0 linker stubs
 *(.glue_7t)
 .glue_7t       0x0000000008000e78        0x0 linker stubs
 *(.eh_frame)
 .eh_frame      0x0000000008000e78        0x0 c:/st/stm32cubeide_1.10.1/stm32cubeide/plugins/com.st.stm32cube.ide.mcu.externaltools.gnu-tools-for-stm32.10.3-2021.10.win32_1.0.0.202111181127/tools/bin/../lib/gcc/arm-none-eabi/10.3.1/thumb/v7-m/nofp/crtbegin.o
 *(.init)
 .init          0x0000000008000e78        0x4 c:/st/stm32cubeide_1.10.1/stm32cubeide/plugins/com.st.stm32cube.ide.mcu.externaltools.gnu-tools-for-stm32.10.3-2021.10.win32_1.0.0.202111181127/tools/bin/../lib/gcc/arm-none-eabi/10.3.1/thumb/v7-m/nofp/crti.o
                0x0000000008000e78                _init
 .init          0x0000000008000e7c        0x8 c:/st/stm32cubeide_1.10.1/stm32cubeide/plugins/com.st.stm32cube.ide.mcu.externaltools.gnu-tools-for-stm32.10.3-2021.10.win32_1.0.0.202111181127/tools/bin/../lib/gcc/arm-none-eabi/10.3.1/thumb/v7-m/nofp/crtn.o
 *(.fini)
 .fini          0x0000000008000e84        0x4 c:/st/stm32cubeide_1.10.1/stm32cubeide/plugins/com.st.stm32cube.ide.mcu.externaltools.gnu-tools-for-stm32.10.3-2021.10.win32_1.0.0.202111181127/tools/bin/../lib/gcc/arm-none-eabi/10.3.1/thumb/v7-m/nofp/crti.o
                0x0000000008000e84                _fini
 .fini          0x0000000008000e88        0x8 c:/st/stm32cubeide_1.10.1/stm32cubeide/plugins/com.st.stm32cube.ide.mcu.externaltools.gnu-tools-for-stm32.10.3-2021.10.win32_1.0.0.202111181127/tools/bin/../lib/gcc/arm-none-eabi/10.3.1/thumb/v7-m/nofp/crtn.o
                0x0000000008000e90                . = ALIGN (0x4)
                0x0000000008000e90                _etext = .

.vfp11_veneer   0x0000000008000e90        0x0
 .vfp11_veneer  0x0000000008000e90        0x0 linker stubs

.v4_bx          0x0000000008000e90        0x0
 .v4_bx         0x0000000008000e90        0x0 linker stubs

.iplt           0x0000000008000e90        0x0
 .iplt          0x0000000008000e90        0x0 c:/st/stm32cubeide_1.10.1/stm32cubeide/plugins/com.st.stm32cube.ide.mcu.externaltools.gnu-tools-for-stm32.10.3-2021.10.win32_1.0.0.202111181127/tools/bin/../lib/gcc/arm-none-eabi/10.3.1/thumb/v7-m/nofp/crtbegin.o

.rodata         0x0000000008000e90       0x24
                0x0000000008000e90                . = ALIGN (0x4)
 *(.rodata)
 .rodata        0x0000000008000e90       0x24 ./Src/main.o
 *(.rodata*)
                0x0000000008000eb4                . = ALIGN (0x4)

.rel.dyn        0x0000000008000eb4        0x0
 .rel.iplt      0x0000000008000eb4        0x0 c:/st/stm32cubeide_1.10.1/stm32cubeide/plugins/com.st.stm32cube.ide.mcu.externaltools.gnu-tools-for-stm32.10.3-2021.10.win32_1.0.0.202111181127/tools/bin/../lib/gcc/arm-none-eabi/10.3.1/thumb/v7-m/nofp/crtbegin.o

.ARM.extab      0x0000000008000eb4        0x0
                0x0000000008000eb4                . = ALIGN (0x4)
 *(.ARM.extab* .gnu.linkonce.armextab.*)
                0x0000000008000eb4                . = ALIGN (0x4)

.ARM            0x0000000008000eb4        0x0
                0x0000000008000eb4                . = ALIGN (0x4)
                0x0000000008000eb4                __exidx_start = .
 *(.ARM.exidx*)
                0x0000000008000eb4                __exidx_end = .
                0x0000000008000eb4                . = ALIGN (0x4)

.preinit_array  0x0000000008000eb4        0x0
                0x0000000008000eb4                . = ALIGN (0x4)
                0x0000000008000eb4                PROVIDE (__preinit_array_start = .)
 *(.preinit_array*)
                0x0000000008000eb4                PROVIDE (__preinit_array_end = .)
                0x0000000008000eb4                . = ALIGN (0x4)

.init_array     0x0000000008000eb4        0x4
                0x0000000008000eb4                . = ALIGN (0x4)
                0x0000000008000eb4                PROVIDE (__init_array_start = .)
 *(SORT_BY_NAME(.init_array.*))
 *(.init_array*)
 .init_array    0x0000000008000eb4        0x4 c:/st/stm32cubeide_1.10.1/stm32cubeide/plugins/com.st.stm32cube.ide.mcu.externaltools.gnu-tools-for-stm32.10.3-2021.10.win32_1.0.0.202111181127/tools/bin/../lib/gcc/arm-none-eabi/10.3.1/thumb/v7-m/nofp/crtbegin.o
                0x0000000008000eb8                PROVIDE (__init_array_end = .)
                0x0000000008000eb8                . = ALIGN (0x4)

.fini_array     0x0000000008000eb8        0x4
                0x0000000008000eb8                . = ALIGN (0x4)
                [!provide]                        PROVIDE (__fini_array_start = .)
 *(SORT_BY_NAME(.fini_array.*))
 *(.fini_array*)
 .fini_array    0x0000000008000eb8        0x4 c:/st/stm32cubeide_1.10.1/stm32cubeide/plugins/com.st.stm32cube.ide.mcu.externaltools.gnu-tools-for-stm32.10.3-2021.10.win32_1.0.0.202111181127/tools/bin/../lib/gcc/arm-none-eabi/10.3.1/thumb/v7-m/nofp/crtbegin.o
                [!provide]                        PROVIDE (__fini_array_end = .)
                0x0000000008000ebc                . = ALIGN (0x4)
                0x0000000008000ebc                _sidata = LOADADDR (.data)

.data           0x0000000020000000        0x0 load address 0x0000000008000ebc
                0x0000000020000000                . = ALIGN (0x4)
                0x0000000020000000                _sdata = .
 *(.data)
 *(.data*)
 *(.RamFunc)
 *(.RamFunc*)
                0x0000000020000000                . = ALIGN (0x4)
                0x0000000020000000                _edata = .

.igot.plt       0x0000000020000000        0x0 load address 0x0000000008000ebc
 .igot.plt      0x0000000020000000        0x0 c:/st/stm32cubeide_1.10.1/stm32cubeide/plugins/com.st.stm32cube.ide.mcu.externaltools.gnu-tools-for-stm32.10.3-2021.10.win32_1.0.0.202111181127/tools/bin/../lib/gcc/arm-none-eabi/10.3.1/thumb/v7-m/nofp/crtbegin.o
                0x0000000020000000                . = ALIGN (0x4)

.bss            0x0000000020000000       0x60 load address 0x0000000008000ebc
                0x0000000020000000                _sbss = .
                0x0000000020000000                __bss_start__ = _sbss
 *(.bss)
 .bss           0x0000000020000000       0x1c c:/st/stm32cubeide_1.10.1/stm32cubeide/plugins/com.st.stm32cube.ide.mcu.externaltools.gnu-tools-for-stm32.10.3-2021.10.win32_1.0.0.202111181127/tools/bin/../lib/gcc/arm-none-eabi/10.3.1/thumb/v7-m/nofp/crtbegin.o
 *(.bss*)
 .bss.PinCfg    0x000000002000001c        0x4 ./HAL/lcd.o
                0x000000002000001c                PinCfg
 .bss.IRQ_Flag  0x0000000020000020        0x4 ./Src/main.o
                0x0000000020000020                IRQ_Flag
 .bss.GP_IRQ_CallBack
                0x0000000020000024       0x3c ./stm32_F103C6_Drivers/stm32_F103C6_EXTI_driver.o
                0x0000000020000024                GP_IRQ_CallBack
 *(COMMON)
                0x0000000020000060                . = ALIGN (0x4)
                0x0000000020000060                _ebss = .
                0x0000000020000060                __bss_end__ = _ebss

._user_heap_stack
                0x0000000020000060      0x600 load address 0x0000000008000ebc
                0x0000000020000060                . = ALIGN (0x8)
                [!provide]                        PROVIDE (end = .)
                0x0000000020000060                PROVIDE (_end = .)
                0x0000000020000260                . = (. + _Min_Heap_Size)
 *fill*         0x0000000020000060      0x200 
                0x0000000020000660                . = (. + _Min_Stack_Size)
 *fill*         0x0000000020000260      0x400 
                0x0000000020000660                . = ALIGN (0x8)

/DISCARD/
 libc.a(*)
 libm.a(*)
 libgcc.a(*)

.ARM.attributes
                0x0000000000000000       0x29
 *(.ARM.attributes)
 .ARM.attributes
                0x0000000000000000       0x1d c:/st/stm32cubeide_1.10.1/stm32cubeide/plugins/com.st.stm32cube.ide.mcu.externaltools.gnu-tools-for-stm32.10.3-2021.10.win32_1.0.0.202111181127/tools/bin/../lib/gcc/arm-none-eabi/10.3.1/thumb/v7-m/nofp/crti.o
 .ARM.attributes
                0x000000000000001d       0x2d c:/st/stm32cubeide_1.10.1/stm32cubeide/plugins/com.st.stm32cube.ide.mcu.externaltools.gnu-tools-for-stm32.10.3-2021.10.win32_1.0.0.202111181127/tools/bin/../lib/gcc/arm-none-eabi/10.3.1/thumb/v7-m/nofp/crtbegin.o
 .ARM.attributes
                0x000000000000004a       0x2d ./HAL/lcd.o
 .ARM.attributes
                0x0000000000000077       0x2d ./Src/main.o
 .ARM.attributes
                0x00000000000000a4       0x21 ./Startup/startup_stm32f103c6tx.o
 .ARM.attributes
                0x00000000000000c5       0x2d ./stm32_F103C6_Drivers/stm32_F103C6_EXTI_driver.o
 .ARM.attributes
                0x00000000000000f2       0x2d ./stm32_F103C6_Drivers/stm32_F103C6_gpio_driver.o
 .ARM.attributes
                0x000000000000011f       0x2d c:/st/stm32cubeide_1.10.1/stm32cubeide/plugins/com.st.stm32cube.ide.mcu.externaltools.gnu-tools-for-stm32.10.3-2021.10.win32_1.0.0.202111181127/tools/bin/../lib/gcc/arm-none-eabi/10.3.1/../../../../arm-none-eabi/lib/thumb/v7-m/nofp\libc_nano.a(lib_a-init.o)
 .ARM.attributes
                0x000000000000014c       0x1d c:/st/stm32cubeide_1.10.1/stm32cubeide/plugins/com.st.stm32cube.ide.mcu.externaltools.gnu-tools-for-stm32.10.3-2021.10.win32_1.0.0.202111181127/tools/bin/../lib/gcc/arm-none-eabi/10.3.1/thumb/v7-m/nofp/crtn.o
OUTPUT(Drivers.elf elf32-littlearm)
LOAD linker stubs
LOAD c:/st/stm32cubeide_1.10.1/stm32cubeide/plugins/com.st.stm32cube.ide.mcu.externaltools.gnu-tools-for-stm32.10.3-2021.10.win32_1.0.0.202111181127/tools/bin/../lib/gcc/arm-none-eabi/10.3.1/../../../../arm-none-eabi/lib/thumb/v7-m/nofp\libc.a
LOAD c:/st/stm32cubeide_1.10.1/stm32cubeide/plugins/com.st.stm32cube.ide.mcu.externaltools.gnu-tools-for-stm32.10.3-2021.10.win32_1.0.0.202111181127/tools/bin/../lib/gcc/arm-none-eabi/10.3.1/../../../../arm-none-eabi/lib/thumb/v7-m/nofp\libm.a
LOAD c:/st/stm32cubeide_1.10.1/stm32cubeide/plugins/com.st.stm32cube.ide.mcu.externaltools.gnu-tools-for-stm32.10.3-2021.10.win32_1.0.0.202111181127/tools/bin/../lib/gcc/arm-none-eabi/10.3.1/thumb/v7-m/nofp\libgcc.a

.debug_info     0x0000000000000000     0x1101
 .debug_info    0x0000000000000000      0x384 ./HAL/lcd.o
 .debug_info    0x0000000000000384      0x399 ./Src/main.o
 .debug_info    0x000000000000071d       0x22 ./Startup/startup_stm32f103c6tx.o
 .debug_info    0x000000000000073f      0x52a ./stm32_F103C6_Drivers/stm32_F103C6_EXTI_driver.o
 .debug_info    0x0000000000000c69      0x498 ./stm32_F103C6_Drivers/stm32_F103C6_gpio_driver.o

.debug_abbrev   0x0000000000000000      0x5b6
 .debug_abbrev  0x0000000000000000      0x149 ./HAL/lcd.o
 .debug_abbrev  0x0000000000000149      0x152 ./Src/main.o
 .debug_abbrev  0x000000000000029b       0x12 ./Startup/startup_stm32f103c6tx.o
 .debug_abbrev  0x00000000000002ad      0x19a ./stm32_F103C6_Drivers/stm32_F103C6_EXTI_driver.o
 .debug_abbrev  0x0000000000000447      0x16f ./stm32_F103C6_Drivers/stm32_F103C6_gpio_driver.o

.debug_loc      0x0000000000000000      0x988
 .debug_loc     0x0000000000000000      0x278 ./HAL/lcd.o
 .debug_loc     0x0000000000000278       0xc0 ./Src/main.o
 .debug_loc     0x0000000000000338      0x320 ./stm32_F103C6_Drivers/stm32_F103C6_EXTI_driver.o
 .debug_loc     0x0000000000000658      0x330 ./stm32_F103C6_Drivers/stm32_F103C6_gpio_driver.o

.debug_aranges  0x0000000000000000      0x1a0
 .debug_aranges
                0x0000000000000000       0x68 ./HAL/lcd.o
 .debug_aranges
                0x0000000000000068       0x30 ./Src/main.o
 .debug_aranges
                0x0000000000000098       0x28 ./Startup/startup_stm32f103c6tx.o
 .debug_aranges
                0x00000000000000c0       0x80 ./stm32_F103C6_Drivers/stm32_F103C6_EXTI_driver.o
 .debug_aranges
                0x0000000000000140       0x60 ./stm32_F103C6_Drivers/stm32_F103C6_gpio_driver.o

.debug_ranges   0x0000000000000000      0x158
 .debug_ranges  0x0000000000000000       0x58 ./HAL/lcd.o
 .debug_ranges  0x0000000000000058       0x20 ./Src/main.o
 .debug_ranges  0x0000000000000078       0x20 ./Startup/startup_stm32f103c6tx.o
 .debug_ranges  0x0000000000000098       0x70 ./stm32_F103C6_Drivers/stm32_F103C6_EXTI_driver.o
 .debug_ranges  0x0000000000000108       0x50 ./stm32_F103C6_Drivers/stm32_F103C6_gpio_driver.o

.debug_macro    0x0000000000000000      0xb63
 .debug_macro   0x0000000000000000      0x15e ./HAL/lcd.o
 .debug_macro   0x000000000000015e       0x10 ./HAL/lcd.o
 .debug_macro   0x000000000000016e       0xd0 ./HAL/lcd.o
 .debug_macro   0x000000000000023e       0x94 ./HAL/lcd.o
 .debug_macro   0x00000000000002d2      0x184 ./Src/main.o
 .debug_macro   0x0000000000000456       0x8e ./Src/main.o
 .debug_macro   0x00000000000004e4       0x51 ./Src/main.o
 .debug_macro   0x0000000000000535       0x52 ./Src/main.o
 .debug_macro   0x0000000000000587      0x21f ./Src/main.o
 .debug_macro   0x00000000000007a6       0x40 ./Src/main.o
 .debug_macro   0x00000000000007e6      0x15b ./stm32_F103C6_Drivers/stm32_F103C6_EXTI_driver.o
 .debug_macro   0x0000000000000941       0xd6 ./stm32_F103C6_Drivers/stm32_F103C6_EXTI_driver.o
 .debug_macro   0x0000000000000a17      0x14c ./stm32_F103C6_Drivers/stm32_F103C6_gpio_driver.o

.debug_line     0x0000000000000000     0x2017
 .debug_line    0x0000000000000000      0x7c0 ./HAL/lcd.o
 .debug_line    0x00000000000007c0      0x67a ./Src/main.o
 .debug_line    0x0000000000000e3a       0x84 ./Startup/startup_stm32f103c6tx.o
 .debug_line    0x0000000000000ebe      0x9aa ./stm32_F103C6_Drivers/stm32_F103C6_EXTI_driver.o
 .debug_line    0x0000000000001868      0x7af ./stm32_F103C6_Drivers/stm32_F103C6_gpio_driver.o

.debug_str      0x0000000000000000     0x927f
 .debug_str     0x0000000000000000     0x7b90 ./HAL/lcd.o
                                       0x7d97 (size before relaxing)
 .debug_str     0x0000000000007b90     0x13f4 ./Src/main.o
                                       0x907c (size before relaxing)
 .debug_str     0x0000000000008f84       0x31 ./Startup/startup_stm32f103c6tx.o
                                         0x78 (size before relaxing)
 .debug_str     0x0000000000008fb5      0x1e4 ./stm32_F103C6_Drivers/stm32_F103C6_EXTI_driver.o
                                       0x8f05 (size before relaxing)
 .debug_str     0x0000000000009199       0xe6 ./stm32_F103C6_Drivers/stm32_F103C6_gpio_driver.o
                                       0x7b7e (size before relaxing)

.comment        0x0000000000000000       0x50
 .comment       0x0000000000000000       0x50 ./HAL/lcd.o
                                         0x51 (size before relaxing)
 .comment       0x0000000000000050       0x51 ./Src/main.o
 .comment       0x0000000000000050       0x51 ./stm32_F103C6_Drivers/stm32_F103C6_EXTI_driver.o
 .comment       0x0000000000000050       0x51 ./stm32_F103C6_Drivers/stm32_F103C6_gpio_driver.o

.debug_frame    0x0000000000000000      0x51c
 .debug_frame   0x0000000000000000      0x154 ./HAL/lcd.o
 .debug_frame   0x0000000000000154       0x74 ./Src/main.o
 .debug_frame   0x00000000000001c8      0x1b0 ./stm32_F103C6_Drivers/stm32_F103C6_EXTI_driver.o
 .debug_frame   0x0000000000000378      0x178 ./stm32_F103C6_Drivers/stm32_F103C6_gpio_driver.o
 .debug_frame   0x00000000000004f0       0x2c c:/st/stm32cubeide_1.10.1/stm32cubeide/plugins/com.st.stm32cube.ide.mcu.externaltools.gnu-tools-for-stm32.10.3-2021.10.win32_1.0.0.202111181127/tools/bin/../lib/gcc/arm-none-eabi/10.3.1/../../../../arm-none-eabi/lib/thumb/v7-m/nofp\libc_nano.a(lib_a-init.o)
